Component: ARM Compiler 5.05 update 1 (build 106) Tool: armlink [4d0efa]

==============================================================================

Section Cross References

    main.o(i.display_task) refers to main.o(i.show_address) for show_address
    main.o(i.display_task) refers to tasks.o(i.vTaskSuspend) for vTaskSuspend
    main.o(i.display_task) refers to tasks.o(i.vTaskDelay) for vTaskDelay
    main.o(i.main) refers to delay.o(i.delay_init) for delay_init
    main.o(i.main) refers to misc.o(i.NVIC_PriorityGroupConfig) for NVIC_PriorityGroupConfig
    main.o(i.main) refers to usart.o(i.uart_init) for uart_init
    main.o(i.main) refers to led.o(i.LED_Init) for LED_Init
    main.o(i.main) refers to lcd.o(i.LCD_Init) for LCD_Init
    main.o(i.main) refers to key.o(i.KEY_Init) for KEY_Init
    main.o(i.main) refers to w25qxx.o(i.W25QXX_Init) for W25QXX_Init
    main.o(i.main) refers to sram.o(i.FSMC_SRAM_Init) for FSMC_SRAM_Init
    main.o(i.main) refers to malloc.o(i.my_mem_init) for my_mem_init
    main.o(i.main) refers to lcd.o(i.LCD_ShowString) for LCD_ShowString
    main.o(i.main) refers to delay.o(i.delay_ms) for delay_ms
    main.o(i.main) refers to lcd.o(i.LCD_Fill) for LCD_Fill
    main.o(i.main) refers to lwip_comm.o(i.lwip_comm_init) for lwip_comm_init
    main.o(i.main) refers to tcp_server_demo.o(i.tcp_server_init) for tcp_server_init
    main.o(i.main) refers to tasks.o(i.xTaskCreateStatic) for xTaskCreateStatic
    main.o(i.main) refers to tasks.o(i.vTaskStartScheduler) for vTaskStartScheduler
    main.o(i.main) refers to usmart_config.o(.data) for usmart_dev
    main.o(i.main) refers to lcd.o(.data) for POINT_COLOR
    main.o(i.main) refers to main.o(.bss) for START_TASK_BUFF
    main.o(i.main) refers to main.o(.data) for START_TASK_NAME
    main.o(i.main) refers to main.o(i.start_task) for start_task
    main.o(i.show_address) refers to _printf_percent.o(.ARM.Collect$$_printf_percent$$00000000) for _printf_percent
    main.o(i.show_address) refers to _printf_d.o(.ARM.Collect$$_printf_percent$$00000009) for _printf_d
    main.o(i.show_address) refers to _printf_dec.o(.text) for _printf_int_dec
    main.o(i.show_address) refers to noretval__2sprintf.o(.text) for __2sprintf
    main.o(i.show_address) refers to lcd.o(i.LCD_ShowString) for LCD_ShowString
    main.o(i.show_address) refers to lwip_comm.o(.bss) for lwipdev
    main.o(i.start_task) refers to tskled.o(i.TskLedCreate) for TskLedCreate
    main.o(i.start_task) refers to tskkey.o(i.TskKeyCreate) for TskKeyCreate
    main.o(i.start_task) refers to tskinit.o(i.TskInitCreate) for TskInitCreate
    main.o(i.start_task) refers to tasks.o(i.xTaskCreateStatic) for xTaskCreateStatic
    main.o(i.start_task) refers to tasks.o(i.vTaskSuspend) for vTaskSuspend
    main.o(i.start_task) refers to main.o(.bss) for DISPLAY_TASK_BUFF
    main.o(i.start_task) refers to main.o(.data) for DISPLAY_TASK_NAME
    main.o(i.start_task) refers to main.o(i.display_task) for display_task
    main.o(.data) refers to main.o(.conststring) for .conststring
    system_stm32f10x.o(i.SetSysClock) refers to system_stm32f10x.o(i.SetSysClockTo72) for SetSysClockTo72
    system_stm32f10x.o(i.SystemCoreClockUpdate) refers to system_stm32f10x.o(.data) for SystemCoreClock
    system_stm32f10x.o(i.SystemInit) refers to system_stm32f10x.o(i.SetSysClock) for SetSysClock
    startup_stm32f10x_hd.o(STACK) refers (Special) to heapauxi.o(.text) for __use_two_region_memory
    startup_stm32f10x_hd.o(HEAP) refers (Special) to heapauxi.o(.text) for __use_two_region_memory
    startup_stm32f10x_hd.o(RESET) refers (Special) to heapauxi.o(.text) for __use_two_region_memory
    startup_stm32f10x_hd.o(RESET) refers to startup_stm32f10x_hd.o(STACK) for __initial_sp
    startup_stm32f10x_hd.o(RESET) refers to startup_stm32f10x_hd.o(.text) for Reset_Handler
    startup_stm32f10x_hd.o(RESET) refers to stm32f10x_it.o(i.NMI_Handler) for NMI_Handler
    startup_stm32f10x_hd.o(RESET) refers to stm32f10x_it.o(i.HardFault_Handler) for HardFault_Handler
    startup_stm32f10x_hd.o(RESET) refers to stm32f10x_it.o(i.MemManage_Handler) for MemManage_Handler
    startup_stm32f10x_hd.o(RESET) refers to stm32f10x_it.o(i.BusFault_Handler) for BusFault_Handler
    startup_stm32f10x_hd.o(RESET) refers to stm32f10x_it.o(i.UsageFault_Handler) for UsageFault_Handler
    startup_stm32f10x_hd.o(RESET) refers to port.o(.emb_text) for SVC_Handler
    startup_stm32f10x_hd.o(RESET) refers to stm32f10x_it.o(i.DebugMon_Handler) for DebugMon_Handler
    startup_stm32f10x_hd.o(RESET) refers to delay.o(i.SysTick_Handler) for SysTick_Handler
    startup_stm32f10x_hd.o(RESET) refers to dm9000.o(i.EXTI9_5_IRQHandler) for EXTI9_5_IRQHandler
    startup_stm32f10x_hd.o(RESET) refers to usmart.o(i.TIM2_IRQHandler) for TIM2_IRQHandler
    startup_stm32f10x_hd.o(RESET) refers to usart.o(i.USART1_IRQHandler) for USART1_IRQHandler
[...]
    vQueueWaitForMessageRestricted           0x080147a5   Thumb Code    74  queue.o(i.vQueueWaitForMessageRestricted)
    vTaskDelay                               0x080147f1   Thumb Code    72  tasks.o(i.vTaskDelay)
    vTaskInternalSetTimeOutState             0x08014865   Thumb Code    14  tasks.o(i.vTaskInternalSetTimeOutState)
    vTaskMissedYield                         0x0801487d   Thumb Code     8  tasks.o(i.vTaskMissedYield)
    vTaskPlaceOnEventList                    0x08014889   Thumb Code    42  tasks.o(i.vTaskPlaceOnEventList)
    vTaskPlaceOnEventListRestricted          0x080148dd   Thumb Code    50  tasks.o(i.vTaskPlaceOnEventListRestricted)
    vTaskPriorityDisinheritAfterTimeout      0x08014939   Thumb Code   210  tasks.o(i.vTaskPriorityDisinheritAfterTimeout)
    vTaskStartScheduler                      0x08014a3d   Thumb Code   146  tasks.o(i.vTaskStartScheduler)
    vTaskSuspend                             0x08014b11   Thumb Code   200  tasks.o(i.vTaskSuspend)
    vTaskSuspendAll                          0x08014c1d   Thumb Code    12  tasks.o(i.vTaskSuspendAll)
    vTaskSwitchContext                       0x08014c2d   Thumb Code   110  tasks.o(i.vTaskSwitchContext)
    write_addr                               0x08014d0b   Thumb Code     4  usmart.o(i.write_addr)
    xPortStartScheduler                      0x08014d11   Thumb Code   240  port.o(i.xPortStartScheduler)
    xPortSysTickHandler                      0x08014e51   Thumb Code    46  port.o(i.xPortSysTickHandler)
    xQueueCreateCountingSemaphore            0x08014e85   Thumb Code    72  queue.o(i.xQueueCreateCountingSemaphore)
    xQueueCreateMutex                        0x08014ef1   Thumb Code    34  queue.o(i.xQueueCreateMutex)
    xQueueGenericCreate                      0x08014f15   Thumb Code    84  queue.o(i.xQueueGenericCreate)
    xQueueGenericCreateStatic                0x08014f8d   Thumb Code   172  queue.o(i.xQueueGenericCreateStatic)
    xQueueGenericReset                       0x0801505d   Thumb Code   134  queue.o(i.xQueueGenericReset)
    xQueueGenericSend                        0x0801510d   Thumb Code   412  queue.o(i.xQueueGenericSend)
    xQueueGenericSendFromISR                 0x080152d1   Thumb Code   234  queue.o(i.xQueueGenericSendFromISR)
    xQueueGiveFromISR                        0x080153e1   Thumb Code   216  queue.o(i.xQueueGiveFromISR)
    xQueueReceive                            0x080154dd   Thumb Code   326  queue.o(i.xQueueReceive)
    xQueueSemaphoreTake                      0x0801564d   Thumb Code   394  queue.o(i.xQueueSemaphoreTake)
    xTaskCheckForTimeOut                     0x08015801   Thumb Code   112  tasks.o(i.xTaskCheckForTimeOut)
    xTaskCreate                              0x0801589d   Thumb Code   100  tasks.o(i.xTaskCreate)
    xTaskCreateStatic                        0x08015901   Thumb Code   152  tasks.o(i.xTaskCreateStatic)
    xTaskGetSchedulerState                   0x080159bd   Thumb Code    24  tasks.o(i.xTaskGetSchedulerState)
    xTaskGetTickCount                        0x080159dd   Thumb Code     6  tasks.o(i.xTaskGetTickCount)
    xTaskIncrementTick                       0x080159e9   Thumb Code   272  tasks.o(i.xTaskIncrementTick)
    xTaskPriorityDisinherit                  0x08015b49   Thumb Code   168  tasks.o(i.xTaskPriorityDisinherit)
    xTaskPriorityInherit                     0x08015c21   Thumb Code   186  tasks.o(i.xTaskPriorityInherit)
    xTaskRemoveFromEventList                 0x08015ce9   Thumb Code   118  tasks.o(i.xTaskRemoveFromEventList)
    xTaskResumeAll                           0x08015d9d   Thumb Code   214  tasks.o(i.xTaskResumeAll)
    xTimerCreateTimerTask                    0x08015ebd   Thumb Code    90  timers.o(i.xTimerCreateTimerTask)
    xTimerGenericCommand                     0x08015f55   Thumb Code   118  timers.o(i.xTimerGenericCommand)
    asc2_1206                                0x08015ff8   Data        1140  lcd.o(.constdata)
    asc2_1608                                0x0801646c   Data        1520  lcd.o(.constdata)
    asc2_2412                                0x08016a5c   Data        3420  lcd.o(.constdata)
    TEXT_Buffer                              0x080177cd   Data          21  tskkey.o(.constdata)
    memtblsize                               0x080177ec   Data           8  malloc.o(.constdata)
    memblksize                               0x080177f4   Data           8  malloc.o(.constdata)
    memsize                                  0x080177fc   Data           8  malloc.o(.constdata)
    ethbroadcast                             0x08017804   Data           6  etharp.o(.constdata)
    ethzero                                  0x0801780a   Data           6  etharp.o(.constdata)
    tcp_state_str                            0x08017848   Data          44  tcp.o(.constdata)
    tcp_backoff                              0x08017874   Data          13  tcp.o(.constdata)
    tcp_persist_backoff                      0x08017881   Data           7  tcp.o(.constdata)
    tcp_pcb_lists                            0x08017888   Data          16  tcp.o(.constdata)
    ip_addr_any                              0x08017898   Data           4  ip_addr.o(.constdata)
    ip_addr_broadcast                        0x0801789c   Data           4  ip_addr.o(.constdata)
    tcp_server_sendbuf                       0x080178a0   Data           5  tcp_server_demo.o(.constdata)
    Region$$Table$$Base                      0x08042c04   Number         0  anon$$obj.o(Region$$Table)
    Region$$Table$$Limit                     0x08042c24   Number         0  anon$$obj.o(Region$$Table)
    DISPLAY_TASK_NAME                        0x20000000   Data           4  main.o(.data)
    START_TASK_NAME                          0x20000004   Data           4  main.o(.data)
    SystemCoreClock                          0x20000008   Data           4  system_stm32f10x.o(.data)
    AHBPrescTable                            0x2000000c   Data          16  system_stm32f10x.o(.data)
    __stdout                                 0x20000034   Data           4  usart.o(.data)
    USART_RX_STA                             0x20000038   Data           2  usart.o(.data)
    POINT_COLOR                              0x2000003a   Data           2  lcd.o(.data)
    BACK_COLOR                               0x2000003c   Data           2  lcd.o(.data)
    TransferError                            0x2000004a   Data           1  sdio_sdcard.o(.data)
    TransferEnd                              0x2000004b   Data           1  sdio_sdcard.o(.data)
    tempbuff                                 0x2000004c   Data           4  sdio_sdcard.o(.data)
    W25QXX_TYPE                              0x20000050   Data           2  w25qxx.o(.data)
    pxCurrentTCB                             0x20000054   Data           4  tasks.o(.data)
    mallco_dev                               0x200000f8   Data          28  malloc.o(.data)
    ram_heap                                 0x20000118   Data           4  mem.o(.data)
    memp_memory                              0x20000164   Data           4  memp.o(.data)
    netif_list                               0x20000168   Data           4  netif.o(.data)
    netif_default                            0x2000016c   Data           4  netif.o(.data)
    pbuf_free_ooseq_pending                  0x20000171   Data           1  pbuf.o(.data)
    tcp_ticks                                0x2000017c   Data           4  tcp.o(.data)
    tcp_bound_pcbs                           0x20000180   Data           4  tcp.o(.data)
    tcp_listen_pcbs                          0x20000184   Data           4  tcp.o(.data)
    tcp_active_pcbs                          0x20000188   Data           4  tcp.o(.data)
    tcp_tw_pcbs                              0x2000018c   Data           4  tcp.o(.data)
    tcp_tmp_pcb                              0x20000190   Data           4  tcp.o(.data)
    tcp_active_pcbs_changed                  0x20000194   Data           1  tcp.o(.data)
    tcp_input_pcb                            0x200001b8   Data           4  tcp_in.o(.data)
    udp_pcbs                                 0x200001c8   Data           4  udp.o(.data)
    current_netif                            0x200001cc   Data           4  ip.o(.data)
    current_header                           0x200001d0   Data           4  ip.o(.data)
    current_iphdr_src                        0x200001d4   Data           4  ip.o(.data)
    current_iphdr_dest                       0x200001d8   Data           4  ip.o(.data)
    LWIP_DM9000_INPUT_TASK_STK               0x200001f8   Data           4  lwip_comm.o(.data)
    LWIP_DM9000_INPUT_TASK_NAME              0x200001fc   Data           4  lwip_comm.o(.data)
    TCPIP_THREAD_TASK_STK                    0x20000200   Data           4  lwip_comm.o(.data)
    dm9000input                              0x20000204   Data           4  lwip_comm.o(.data)
    dm9000lock                               0x20000208   Data           4  lwip_comm.o(.data)
    tcp_server_flag                          0x2000020c   Data           1  tcp_server_demo.o(.data)
    TskTCPServerHandler                      0x20000210   Data           4  tcp_server_demo.o(.data)
    TCPSERVER_TASK_NAME                      0x20000214   Data           4  tcp_server_demo.o(.data)
    sys_cmd_tab                              0x20000220   Data          28  usmart.o(.data)
    usmart_nametab                           0x2000023c   Data         296  usmart_config.o(.data)
    usmart_dev                               0x20000364   Data         244  usmart_config.o(.data)
    FLASH_SECTOR_COUNT                       0x20000458   Data           2  diskio.o(.data)
    fs                                       0x20000468   Data           8  exfuns.o(.data)
    file                                     0x20000470   Data           4  exfuns.o(.data)
    ftemp                                    0x20000474   Data           4  exfuns.o(.data)
    br                                       0x20000478   Data           4  exfuns.o(.data)
    bw                                       0x2000047c   Data           4  exfuns.o(.data)
    fatbuf                                   0x20000480   Data           4  exfuns.o(.data)
    DISPLAY_TASK_STK                         0x20000484   Data         512  main.o(.bss)
    DISPLAY_TASK_BUFF                        0x20000684   Data          92  main.o(.bss)
    START_TASK_STK                           0x200006e0   Data         512  main.o(.bss)
    START_TASK_BUFF                          0x200008e0   Data          92  main.o(.bss)
    USART_RX_BUF                             0x2000093c   Data         200  usart.o(.bss)
    lcddev                                   0x20000a04   Data          14  lcd.o(.bss)
    dm9000cfg                                0x20000a12   Data          18  dm9000.o(.bss)
    STMFLASH_BUF                             0x20000a24   Data        2048  stmflash.o(.bss)
    SDIO_InitStructure                       0x20001228   Data          24  sdio_sdcard.o(.bss)
    SDIO_CmdInitStructure                    0x20001240   Data          20  sdio_sdcard.o(.bss)
    SDIO_DataInitStructure                   0x20001254   Data          24  sdio_sdcard.o(.bss)
    SDCardInfo                               0x20001290   Data          88  sdio_sdcard.o(.bss)
    SDIO_DATA_BUFFER                         0x200012e8   Data         512  sdio_sdcard.o(.bss)
    W25QXX_BUFFER                            0x200014e8   Data        4096  w25qxx.o(.bss)
    xQueueRegistry                           0x200024e8   Data          64  queue.o(.bss)
    mem1base                                 0x20007fa0   Data       20480  malloc.o(.bss)
    mem1mapbase                              0x2000cfa0   Data        1280  malloc.o(.bss)
    LWIP_DM9000_INPUT_TASK_BUFF              0x2000d5b4   Data          92  lwip_comm.o(.bss)
    LWIP_THREAD_TASK_BUFF                    0x2000d610   Data          92  lwip_comm.o(.bss)
    lwipdev                                  0x2000d66c   Data          23  lwip_comm.o(.bss)
    lwip_netif                               0x2000d684   Data          48  lwip_comm.o(.bss)
    tcp_server_recvbuf                       0x2000d6b4   Data        1000  tcp_server_demo.o(.bss)
    fileinfo                                 0x2000da9c   Data          32  exfuns.o(.bss)
    dir                                      0x2000dabc   Data          36  exfuns.o(.bss)
    __libspace_start                         0x2000dae0   Data          96  libspace.o(.bss)
    __temporary_stack_top$libspace           0x2000db40   Data           0  libspace.o(.bss)
    mem2base                                 0x68000000   Data       983040  malloc.o(.ARM.__AT_0x68000000)
    mem2mapbase                              0x680f0000   Data       61440  malloc.o(.ARM.__AT_0x680F0000)



==============================================================================

Memory Map of the image

  Image Entry point : 0x08000131

  Load Region LR_IROM1 (Base: 0x08000000, Size: 0x000430a8, Max: 0x00080000, ABSOLUTE, COMPRESSED[0x00042dd0])

    Execution Region ER_IROM1 (Base: 0x08000000, Size: 0x00042c24, Max: 0x00080000, ABSOLUTE)

    Base Addr    Size         Type   Attr      Idx    E Section Name        Object

    0x08000000   0x00000130   Data   RO          388    RESET               startup_stm32f10x_hd.o
    0x08000130   0x00000008   Code   RO         7680  * !!!main             c_w.l(__main.o)
    0x08000138   0x00000034   Code   RO         7890    !!!scatter          c_w.l(__scatter.o)
    0x0800016c   0x0000005a   Code   RO         7888    !!dczerorl2         c_w.l(__dczerorl2.o)
    0x080001c6   0x00000002   PAD
    0x080001c8   0x0000001c   Code   RO         7892    !!handler_zi        c_w.l(__scatter_zi.o)
    0x080001e4   0x00000000   Code   RO         7654    .ARM.Collect$$_printf_percent$$00000000  c_w.l(_printf_percent.o)
    0x080001e4   0x00000006   Code   RO         7652    .ARM.Collect$$_printf_percent$$00000009  c_w.l(_printf_d.o)
    0x080001ea   0x00000006   Code   RO         7653    .ARM.Collect$$_printf_percent$$0000000A  c_w.l(_printf_u.o)
    0x080001f0   0x00000006   Code   RO         7651    .ARM.Collect$$_printf_percent$$0000000C  c_w.l(_printf_x.o)
    0x080001f6   0x00000006   Code   RO         7649    .ARM.Collect$$_printf_percent$$00000013  c_w.l(_printf_c.o)
    0x080001fc   0x00000006   Code   RO         7650    .ARM.Collect$$_printf_percent$$00000014  c_w.l(_printf_s.o)
    0x08000202   0x00000004   Code   RO         7714    .ARM.Collect$$_printf_percent$$00000017  c_w.l(_printf_percent_end.o)
    0x08000206   0x00000002   Code   RO         7815    .ARM.Collect$$libinit$$00000000  c_w.l(libinit.o)
    0x08000208   0x00000000   Code   RO         7719    .ARM.Collect$$libinit$$00000002  c_w.l(libinit2.o)
    0x08000208   0x00000000   Code   RO         7721    .ARM.Collect$$libinit$$00000004  c_w.l(libinit2.o)
    0x08000208   0x00000000   Code   RO         7724    .ARM.Collect$$libinit$$0000000A  c_w.l(libinit2.o)
    0x08000208   0x00000000   Code   RO         7726    .ARM.Collect$$libinit$$0000000C  c_w.l(libinit2.o)
    0x08000208   0x00000000   Code   RO         7728    .ARM.Collect$$libinit$$0000000E  c_w.l(libinit2.o)
    0x08000208   0x00000000   Code   RO         7731    .ARM.Collect$$libinit$$00000011  c_w.l(libinit2.o)
    0x08000208   0x00000000   Code   RO         7733    .ARM.Collect$$libinit$$00000013  c_w.l(libinit2.o)
    0x08000208   0x00000000   Code   RO         7735    .ARM.Collect$$libinit$$00000015  c_w.l(libinit2.o)
    0x08000208   0x00000000   Code   RO         7737    .ARM.Collect$$libinit$$00000017  c_w.l(libinit2.o)
    0x08000208   0x00000000   Code   RO         7739    .ARM.Collect$$libinit$$00000019  c_w.l(libinit2.o)
    0x08000208   0x00000000   Code   RO         7741    .ARM.Collect$$libinit$$0000001B  c_w.l(libinit2.o)
    0x08000208   0x00000000   Code   RO         7743    .ARM.Collect$$libinit$$0000001D  c_w.l(libinit2.o)
    0x08000208   0x00000000   Code   RO         7745    .ARM.Collect$$libinit$$0000001F  c_w.l(libinit2.o)
    0x08000208   0x00000000   Code   RO         7747    .ARM.Collect$$libinit$$00000021  c_w.l(libinit2.o)
    0x08000208   0x00000000   Code   RO         7749    .ARM.Collect$$libinit$$00000023  c_w.l(libinit2.o)
    0x08000208   0x00000000   Code   RO         7751    .ARM.Collect$$libinit$$00000025  c_w.l(libinit2.o)
    0x08000208   0x00000000   Code   RO         7755    .ARM.Collect$$libinit$$0000002C  c_w.l(libinit2.o)
    0x08000208   0x00000000   Code   RO         7757    .ARM.Collect$$libinit$$0000002E  c_w.l(libinit2.o)
    0x08000208   0x00000000   Code   RO         7759    .ARM.Collect$$libinit$$00000030  c_w.l(libinit2.o)
    0x08000208   0x00000000   Code   RO         7761    .ARM.Collect$$libinit$$00000032  c_w.l(libinit2.o)
    0x08000208   0x00000002   Code   RO         7762    .ARM.Collect$$libinit$$00000033  c_w.l(libinit2.o)
    0x0800020a   0x00000002   Code   RO         7852    .ARM.Collect$$libshutdown$$00000000  c_w.l(libshutdown.o)
    0x0800020c   0x00000000   Code   RO         7859    .ARM.Collect$$libshutdown$$00000003  c_w.l(libshutdown2.o)
    0x0800020c   0x00000000   Code   RO         7862    .ARM.Collect$$libshutdown$$00000006  c_w.l(libshutdown2.o)
    0x0800020c   0x00000000   Code   RO         7865    .ARM.Collect$$libshutdown$$00000009  c_w.l(libshutdown2.o)
    0x0800020c   0x00000000   Code   RO         7867    .ARM.Collect$$libshutdown$$0000000B  c_w.l(libshutdown2.o)
    0x0800020c   0x00000000   Code   RO         7870    .ARM.Collect$$libshutdown$$0000000E  c_w.l(libshutdown2.o)
    0x0800020c   0x00000002   Code   RO         7871    .ARM.Collect$$libshutdown$$0000000F  c_w.l(libshutdown2.o)
    0x0800020e   0x00000000   Code   RO         7696    .ARM.Collect$$rtentry$$00000000  c_w.l(__rtentry.o)
    0x0800020e   0x00000000   Code   RO         7772    .ARM.Collect$$rtentry$$00000002  c_w.l(__rtentry2.o)
    0x0800020e   0x00000006   Code   RO         7784    .ARM.Collect$$rtentry$$00000004  c_w.l(__rtentry4.o)
    0x08000214   0x00000000   Code   RO         7774    .ARM.Collect$$rtentry$$00000009  c_w.l(__rtentry2.o)
    0x08000214   0x00000004   Code   RO         7775    .ARM.Collect$$rtentry$$0000000A  c_w.l(__rtentry2.o)
    0x08000218   0x00000000   Code   RO         7777    .ARM.Collect$$rtentry$$0000000C  c_w.l(__rtentry2.o)
    0x08000218   0x00000008   Code   RO         7778    .ARM.Collect$$rtentry$$0000000D  c_w.l(__rtentry2.o)
    0x08000220   0x00000002   Code   RO         7818    .ARM.Collect$$rtexit$$00000000  c_w.l(rtexit.o)
    0x08000222   0x00000000   Code   RO         7832    .ARM.Collect$$rtexit$$00000002  c_w.l(rtexit2.o)
    0x08000222   0x00000004   Code   RO         7833    .ARM.Collect$$rtexit$$00000003  c_w.l(rtexit2.o)
    0x08000226   0x00000006   Code   RO         7834    .ARM.Collect$$rtexit$$00000004  c_w.l(rtexit2.o)
    0x0800022c   0x00000096   Code   RO         4117    .emb_text           port.o
    0x080002c2   0x00000002   PAD
    0x080002c4   0x00000040   Code   RO          389    .text               startup_stm32f10x_hd.o
    0x08000304   0x00000002   Code   RO         7586    .text               c_w.l(use_no_semi_2.o)
    0x08000306   0x00000048   Code   RO         7590    .text               c_w.l(llsdiv.o)
    0x0800034e   0x00000002   PAD
    0x08000350   0x00000018   Code   RO         7596    .text               c_w.l(noretval__2printf.o)
    0x08000368   0x00000028   Code   RO         7598    .text               c_w.l(noretval__2sprintf.o)
    0x08000390   0x0000004e   Code   RO         7602    .text               c_w.l(_printf_pad.o)
    0x080003de   0x00000052   Code   RO         7604    .text               c_w.l(_printf_str.o)
    0x08000430   0x00000078   Code   RO         7606    .text               c_w.l(_printf_dec.o)
    0x080004a8   0x00000058   Code   RO         7611    .text               c_w.l(_printf_hex_int.o)
    0x08000500   0x00000188   Code   RO         7646    .text               c_w.l(__printf_flags_ss_wp.o)
    0x08000688   0x00000058   Code   RO         7660    .text               c_w.l(memcmp.o)
    0x080006e0   0x0000003e   Code   RO         7664    .text               c_w.l(strlen.o)
    0x0800071e   0x0000008a   Code   RO         7666    .text               c_w.l(rt_memcpy_v6.o)
    0x080007a8   0x00000064   Code   RO         7668    .text               c_w.l(rt_memcpy_w.o)
    0x0800080c   0x00000010   Code   RO         7670    .text               c_w.l(aeabi_memset.o)
    0x0800081c   0x00000044   Code   RO         7672    .text               c_w.l(rt_memclr.o)
    0x08000860   0x0000004e   Code   RO         7674    .text               c_w.l(rt_memclr_w.o)
    0x080008ae   0x00000006   Code   RO         7678    .text               c_w.l(heapauxi.o)
    0x080008b4   0x00000002   Code   RO         7694    .text               c_w.l(use_no_semi.o)
    0x080008b6   0x000000ee   Code   RO         7702    .text               c_w.l(lludivv7m.o)
    0x080009a4   0x000000b2   Code   RO         7704    .text               c_w.l(_printf_intcommon.o)
    0x08000a56   0x00000002   PAD
    0x08000a58   0x00000030   Code   RO         7706    .text               c_w.l(_printf_char_common.o)
    0x08000a88   0x0000000a   Code   RO         7708    .text               c_w.l(_sputc.o)
    0x08000a92   0x0000002c   Code   RO         7710    .text               c_w.l(_printf_char.o)
    0x08000abe   0x00000002   PAD
    0x08000ac0   0x00000024   Code   RO         7712    .text               c_w.l(_printf_char_file.o)
    0x08000ae4   0x00000008   Code   RO         7768    .text               c_w.l(libspace.o)
    0x08000aec   0x00000008   Code   RO         7792    .text               c_w.l(ferror.o)
    0x08000af4   0x0000004a   Code   RO         7800    .text               c_w.l(sys_stackheap_outer.o)
    0x08000b3e   0x0000000c   Code   RO         7804    .text               c_w.l(exit.o)
    0x08000b4a   0x00000004   Code   RO          270    i.BusFault_Handler  stm32f10x_it.o
    0x08000b4e   0x00000030   Code   RO         2813    i.CmdError          sdio_sdcard.o
    0x08000b7e   0x00000002   PAD
    0x08000b80   0x00000060   Code   RO         2814    i.CmdResp1Error     sdio_sdcard.o
    0x08000be0   0x00000054   Code   RO         2815    i.CmdResp2Error     sdio_sdcard.o
    0x08000c34   0x00000038   Code   RO         2816    i.CmdResp3Error     sdio_sdcard.o
    0x08000c6c   0x00000090   Code   RO         2817    i.CmdResp6Error     sdio_sdcard.o
    0x08000cfc   0x0000004c   Code   RO         2818    i.CmdResp7Error     sdio_sdcard.o
    0x08000d48   0x0000002c   Code   RO         2645    i.DM9000_Get_DeiviceID  dm9000.o
    0x08000d74   0x00000074   Code   RO         2646    i.DM9000_Get_SpeedAndDuplex  dm9000.o
    0x08000de8   0x000002f4   Code   RO         2647    i.DM9000_Init       dm9000.o
    0x080010dc   0x0000003c   Code   RO         2648    i.DM9000_PHY_ReadReg  dm9000.o
    0x08001118   0x00000038   Code   RO         2649    i.DM9000_PHY_WriteReg  dm9000.o
    0x08001150   0x00000014   Code   RO         2650    i.DM9000_ReadReg    dm9000.o
    0x08001164   0x0000020c   Code   RO         2651    i.DM9000_Receive_Packet  dm9000.o
    0x08001370   0x0000007c   Code   RO         2652    i.DM9000_Reset      dm9000.o
    0x080013ec   0x000000d0   Code   RO         2653    i.DM9000_SendPacket  dm9000.o
    0x080014bc   0x0000001c   Code   RO         2654    i.DM9000_Set_MACAddress  dm9000.o
    0x080014d8   0x0000001c   Code   RO         2655    i.DM9000_Set_Multicast  dm9000.o
    0x080014f4   0x0000005c   Code   RO         2656    i.DM9000_Set_PHYMode  dm9000.o
    0x08001550   0x00000014   Code   RO         2657    i.DM9000_WriteReg   dm9000.o
    0x08001564   0x0000009c   Code   RO         2658    i.DMA9000_ISRHandler  dm9000.o
    0x08001600   0x00000018   Code   RO         2151    i.DMA_Cmd           stm32f10x_dma.o
    0x08001618   0x0000014c   Code   RO         2152    i.DMA_DeInit        stm32f10x_dma.o
    0x08001764   0x0000003c   Code   RO         2157    i.DMA_Init          stm32f10x_dma.o
    0x080017a0   0x00000002   Code   RO          271    i.DebugMon_Handler  stm32f10x_it.o
    0x080017a2   0x00000002   PAD
    0x080017a4   0x0000001c   Code   RO         2659    i.EXTI9_5_IRQHandler  dm9000.o
    0x080017c0   0x0000000c   Code   RO         1592    i.EXTI_ClearITPendingBit  stm32f10x_exti.o
    0x080017cc   0x00000094   Code   RO         1597    i.EXTI_Init         stm32f10x_exti.o
    0x08001860   0x0000004c   Code   RO         1650    i.FLASH_ErasePage   stm32f10x_flash.o
    0x080018ac   0x00000034   Code   RO         1651    i.FLASH_GetBank1Status  stm32f10x_flash.o
    0x080018e0   0x00000014   Code   RO         1660    i.FLASH_Lock        stm32f10x_flash.o
    0x080018f4   0x00000040   Code   RO         1663    i.FLASH_ProgramHalfWord  stm32f10x_flash.o
    0x08001934   0x00000018   Code   RO         1668    i.FLASH_Unlock      stm32f10x_flash.o
    0x0800194c   0x00000026   Code   RO         1672    i.FLASH_WaitForLastOperation  stm32f10x_flash.o
    0x08001972   0x00000002   PAD
    0x08001974   0x00000034   Code   RO          440    i.FSMC_NORSRAMCmd   stm32f10x_fsmc.o
    0x080019a8   0x000000e6   Code   RO          442    i.FSMC_NORSRAMInit  stm32f10x_fsmc.o
    0x08001a8e   0x00000002   PAD
    0x08001a90   0x000000c8   Code   RO         2605    i.FSMC_SRAM_Init    sram.o
    0x08001b58   0x00000194   Code   RO         2819    i.FindSCR           sdio_sdcard.o
    0x08001cec   0x00000040   Code   RO          552    i.GPIO_EXTILineConfig  stm32f10x_gpio.o
    0x08001d2c   0x00000116   Code   RO          555    i.GPIO_Init         stm32f10x_gpio.o
    0x08001e42   0x00000012   Code   RO          559    i.GPIO_ReadInputDataBit  stm32f10x_gpio.o
    0x08001e54   0x00000004   Code   RO          563    i.GPIO_SetBits      stm32f10x_gpio.o
    0x08001e58   0x00000004   Code   RO          272    i.HardFault_Handler  stm32f10x_it.o
    0x08001e5c   0x00000004   Code   RO         2273    i.INTX_DISABLE      sys.o
    0x08001e60   0x00000004   Code   RO         2274    i.INTX_ENABLE       sys.o
    0x08001e64   0x0000009c   Code   RO         2820    i.IsCardProgramming  sdio_sdcard.o
    0x08001f00   0x0000003c   Code   RO         2752    i.KEY_Init          key.o
    0x08001f3c   0x000000c8   Code   RO         2753    i.KEY_Scan          key.o
    0x08002004   0x0000001a   Code   RO         2383    i.LCD_BGR2RGB       lcd.o
    0x0800201e   0x00000002   PAD
    0x08002020   0x00000034   Code   RO         2384    i.LCD_Clear         lcd.o
    0x08002054   0x0000008c   Code   RO         2388    i.LCD_Display_Dir   lcd.o
    0x080020e0   0x000000b0   Code   RO         2389    i.LCD_DrawLine      lcd.o
    0x08002190   0x00000024   Code   RO         2390    i.LCD_DrawPoint     lcd.o
    0x080021b4   0x0000003c   Code   RO         2391    i.LCD_DrawRectangle  lcd.o
    0x080021f0   0x00000098   Code   RO         2392    i.LCD_Draw_Circle   lcd.o
    0x08002288   0x0000017c   Code   RO         2393    i.LCD_Fast_DrawPoint  lcd.o
    0x08002404   0x000000bc   Code   RO         2394    i.LCD_Fill          lcd.o
    0x080024c0   0x000011f0   Code   RO         2395    i.LCD_Init          lcd.o
    0x080036b0   0x00000016   Code   RO         2396    i.LCD_Pow           lcd.o
    0x080036c6   0x00000002   PAD
    0x080036c8   0x00000014   Code   RO         2397    i.LCD_RD_DATA       lcd.o
    0x080036dc   0x0000016c   Code   RO         2398    i.LCD_ReadPoint     lcd.o
    0x08003848   0x00000016   Code   RO         2399    i.LCD_ReadReg       lcd.o
    0x0800385e   0x00000002   PAD
    0x08003860   0x000002dc   Code   RO         2401    i.LCD_Scan_Dir      lcd.o
    0x08003b3c   0x000001a8   Code   RO         2402    i.LCD_SetCursor     lcd.o
    0x08003ce4   0x00000128   Code   RO         2404    i.LCD_ShowChar      lcd.o
    0x08003e0c   0x0000011c   Code   RO         2405    i.LCD_ShowCharColor  lcd.o
    0x08003f28   0x00000094   Code   RO         2406    i.LCD_ShowNum       lcd.o
    0x08003fbc   0x00000066   Code   RO         2407    i.LCD_ShowString    lcd.o
    0x08004022   0x0000006a   Code   RO         2408    i.LCD_ShowStringColor  lcd.o
    0x0800408c   0x0000000c   Code   RO         2410    i.LCD_WR_DATA       lcd.o
    0x08004098   0x0000000c   Code   RO         2411    i.LCD_WR_REG        lcd.o
    0x080040a4   0x00000014   Code   RO         2413    i.LCD_WriteRAM_Prepare  lcd.o
    0x080040b8   0x00000010   Code   RO         2414    i.LCD_WriteReg      lcd.o
    0x080040c8   0x0000004c   Code   RO         2366    i.LED_Init          led.o
    0x08004114   0x00000004   Code   RO          273    i.MemManage_Handler  stm32f10x_it.o
    0x08004118   0x00000002   Code   RO          274    i.NMI_Handler       stm32f10x_it.o
    0x0800411a   0x00000002   PAD
    0x0800411c   0x00000070   Code   RO          393    i.NVIC_Init         misc.o
    0x0800418c   0x00000014   Code   RO          394    i.NVIC_PriorityGroupConfig  misc.o
    0x080041a0   0x00000020   Code   RO          664    i.RCC_AHBPeriphClockCmd  stm32f10x_rcc.o
    0x080041c0   0x00000020   Code   RO          665    i.RCC_APB1PeriphClockCmd  stm32f10x_rcc.o
    0x080041e0   0x00000020   Code   RO          667    i.RCC_APB2PeriphClockCmd  stm32f10x_rcc.o
    0x08004200   0x000000d4   Code   RO          675    i.RCC_GetClocksFreq  stm32f10x_rcc.o
    0x080042d4   0x000000ac   Code   RO         2821    i.SDEnWideBus       sdio_sdcard.o
    0x08004380   0x0000000c   Code   RO         1964    i.SDIO_ClearFlag    stm32f10x_sdio.o
    0x0800438c   0x0000000c   Code   RO         1966    i.SDIO_ClockCmd     stm32f10x_sdio.o
    0x08004398   0x00000014   Code   RO         2822    i.SDIO_Clock_Set    sdio_sdcard.o
    0x080043ac   0x0000000c   Code   RO         1969    i.SDIO_DMACmd       stm32f10x_sdio.o
    0x080043b8   0x00000030   Code   RO         1970    i.SDIO_DataConfig   stm32f10x_sdio.o
    0x080043e8   0x00000024   Code   RO         1972    i.SDIO_DeInit       stm32f10x_sdio.o
    0x0800440c   0x00000018   Code   RO         1976    i.SDIO_GetFlagStatus  stm32f10x_sdio.o
    0x08004424   0x00000010   Code   RO         1978    i.SDIO_GetPowerState  stm32f10x_sdio.o
    0x08004434   0x00000008   Code   RO         2823    i.SDIO_IRQHandler   sdio_sdcard.o
    0x0800443c   0x00000030   Code   RO         1981    i.SDIO_Init         stm32f10x_sdio.o
    0x0800446c   0x0000000c   Code   RO         1982    i.SDIO_ReadData     stm32f10x_sdio.o
    0x08004478   0x0000002c   Code   RO         1984    i.SDIO_SendCommand  stm32f10x_sdio.o
    0x080044a4   0x0000001c   Code   RO         1986    i.SDIO_SetPowerState  stm32f10x_sdio.o
    0x080044c0   0x0000000c   Code   RO         1992    i.SDIO_WriteData    stm32f10x_sdio.o
    0x080044cc   0x00000068   Code   RO         2824    i.SD_DMA_Config     sdio_sdcard.o
    0x08004534   0x00000068   Code   RO         2825    i.SD_EnableWideBusOperation  sdio_sdcard.o
    0x0800459c   0x00000314   Code   RO         2826    i.SD_GetCardInfo    sdio_sdcard.o
    0x080048b0   0x00000100   Code   RO         2828    i.SD_Init           sdio_sdcard.o
    0x080049b0   0x00000154   Code   RO         2829    i.SD_InitializeCards  sdio_sdcard.o
    0x08004b04   0x000001dc   Code   RO         2831    i.SD_PowerON        sdio_sdcard.o
    0x08004ce0   0x0000013c   Code   RO         2832    i.SD_ProcessIRQSrc  sdio_sdcard.o
    0x08004e1c   0x00000258   Code   RO         2833    i.SD_ReadBlock      sdio_sdcard.o
    0x08005074   0x00000098   Code   RO         2834    i.SD_ReadDisk       sdio_sdcard.o
    0x0800510c   0x000002e8   Code   RO         2835    i.SD_ReadMultiBlocks  sdio_sdcard.o
    0x080053f4   0x00000030   Code   RO         2836    i.SD_SelectDeselect  sdio_sdcard.o
    0x08005424   0x00000018   Code   RO         2838    i.SD_SetDeviceMode  sdio_sdcard.o
    0x0800543c   0x00000374   Code   RO         2839    i.SD_WriteBlock     sdio_sdcard.o
    0x080057b0   0x00000098   Code   RO         2840    i.SD_WriteDisk      sdio_sdcard.o
    0x08005848   0x000003c0   Code   RO         2841    i.SD_WriteMultiBlocks  sdio_sdcard.o
    0x08005c08   0x00000094   Code   RO         3013    i.SPI2_Init         spi.o
    0x08005c9c   0x00000054   Code   RO         3014    i.SPI2_ReadWriteByte  spi.o
    0x08005cf0   0x00000028   Code   RO         3015    i.SPI2_SetSpeed     spi.o
    0x08005d18   0x00000018   Code   RO         1824    i.SPI_Cmd           stm32f10x_spi.o
    0x08005d30   0x00000012   Code   RO         1832    i.SPI_I2S_GetFlagStatus  stm32f10x_spi.o
    0x08005d42   0x00000006   Code   RO         1835    i.SPI_I2S_ReceiveData  stm32f10x_spi.o
    0x08005d48   0x00000004   Code   RO         1836    i.SPI_I2S_SendData  stm32f10x_spi.o
    0x08005d4c   0x0000003c   Code   RO         1837    i.SPI_Init          stm32f10x_spi.o
    0x08005d88   0x00000022   Code   RO         2771    i.STMFLASH_Read     stmflash.o
    0x08005daa   0x00000006   Code   RO         2772    i.STMFLASH_ReadHalfWord  stmflash.o
    0x08005db0   0x000000e8   Code   RO         2773    i.STMFLASH_Write    stmflash.o
    0x08005e98   0x00000026   Code   RO         2774    i.STMFLASH_Write_NoCheck  stmflash.o
    0x08005ebe   0x00000008   Code   RO          341    i.SetSysClock       system_stm32f10x.o
    0x08005ec6   0x00000002   PAD
    0x08005ec8   0x000000e0   Code   RO          342    i.SetSysClockTo72   system_stm32f10x.o
    0x08005fa8   0x00000028   Code   RO          397    i.SysTick_CLKSourceConfig  misc.o
    0x08005fd0   0x00000010   Code   RO         2221    i.SysTick_Handler   delay.o
    0x08005fe0   0x00000060   Code   RO          344    i.SystemInit        system_stm32f10x.o
    0x08006040   0x00000038   Code   RO         6806    i.TIM2_IRQHandler   usmart.o
    0x08006078   0x00000018   Code   RO         1059    i.TIM_Cmd           stm32f10x_tim.o
    0x08006090   0x00000012   Code   RO         1084    i.TIM_ITConfig      stm32f10x_tim.o
    0x080060a2   0x00000002   PAD
    0x080060a4   0x000000a4   Code   RO         1130    i.TIM_TimeBaseInit  stm32f10x_tim.o
    0x08006148   0x0000005c   Code   RO         6807    i.Timer2_Init       usmart.o
    0x080061a4   0x00000360   Code   RO         4319    i.TskInit           tskinit.o
    0x08006504   0x00000034   Code   RO         4320    i.TskInitCreate     tskinit.o
    0x08006538   0x00000128   Code   RO         4297    i.TskKey            tskkey.o
    0x08006660   0x00000034   Code   RO         4298    i.TskKeyCreate      tskkey.o
    0x08006694   0x00000028   Code   RO         4243    i.TskLed0           tskled.o
    0x080066bc   0x00000030   Code   RO         4244    i.TskLed1           tskled.o
    0x080066ec   0x00000064   Code   RO         4245    i.TskLedCreate      tskled.o
    0x08006750   0x00000088   Code   RO         2300    i.USART1_IRQHandler  usart.o
    0x080067d8   0x00000018   Code   RO          867    i.USART_Cmd         stm32f10x_usart.o
    0x080067f0   0x00000054   Code   RO          871    i.USART_GetITStatus  stm32f10x_usart.o
    0x08006844   0x0000004a   Code   RO          873    i.USART_ITConfig    stm32f10x_usart.o
    0x0800688e   0x00000002   PAD
    0x08006890   0x000000d8   Code   RO          874    i.USART_Init        stm32f10x_usart.o
    0x08006968   0x0000000a   Code   RO          881    i.USART_ReceiveData  stm32f10x_usart.o
    0x08006972   0x00000004   Code   RO          275    i.UsageFault_Handler  stm32f10x_it.o
    0x08006976   0x00000002   PAD
    0x08006978   0x00000058   Code   RO         3041    i.W25QXX_Erase_Sector  w25qxx.o
    0x080069d0   0x00000058   Code   RO         3042    i.W25QXX_Init       w25qxx.o
    0x08006a28   0x00000050   Code   RO         3044    i.W25QXX_Read       w25qxx.o
    0x08006a78   0x00000048   Code   RO         3045    i.W25QXX_ReadID     w25qxx.o
    0x08006ac0   0x0000002c   Code   RO         3046    i.W25QXX_ReadSR     w25qxx.o
    0x08006aec   0x00000012   Code   RO         3048    i.W25QXX_Wait_Busy  w25qxx.o
    0x08006afe   0x00000002   PAD
    0x08006b00   0x000000b8   Code   RO         3049    i.W25QXX_Write      w25qxx.o
    0x08006bb8   0x00000020   Code   RO         3051    i.W25QXX_Write_Enable  w25qxx.o
    0x08006bd8   0x00000046   Code   RO         3052    i.W25QXX_Write_NoCheck  w25qxx.o
    0x08006c1e   0x00000002   PAD
    0x08006c20   0x00000054   Code   RO         3053    i.W25QXX_Write_Page  w25qxx.o
    0x08006c74   0x0000000e   Code   RO         7639    i._is_digit         c_w.l(__printf_wp.o)
    0x08006c82   0x00000006   Code   RO         2301    i._sys_exit         usart.o
    0x08006c88   0x000000b0   Code   RO         6037    i.accept_function   api_msg.o
    0x08006d38   0x00000020   Code   RO         5520    i.arp_timer         timers_1.o
    0x08006d58   0x00000090   Code   RO         7030    i.check_fs          ff.o
    0x08006de8   0x00000014   Code   RO         7031    i.chk_chr           ff.o
    0x08006dfc   0x00000032   Code   RO         7032    i.clmt_clust        ff.o
    0x08006e2e   0x0000001a   Code   RO         7033    i.clust2sect        ff.o
    0x08006e48   0x00000090   Code   RO         7034    i.cmp_lfn           ff.o
    0x08006ed8   0x00000012   Code   RO         2842    i.convert_from_bytes_to_power_of_two  sdio_sdcard.o
    0x08006eea   0x000000d6   Code   RO         7035    i.create_chain      ff.o
    0x08006fc0   0x00000270   Code   RO         7036    i.create_name       ff.o
    0x08007230   0x0000005c   Code   RO         2222    i.delay_init        delay.o
    0x0800728c   0x00000040   Code   RO         2223    i.delay_ms          delay.o
    0x080072cc   0x00000048   Code   RO         2224    i.delay_us          delay.o
    0x08007314   0x0000005c   Code   RO         7037    i.dir_alloc         ff.o
    0x08007370   0x000000ea   Code   RO         7038    i.dir_find          ff.o
    0x0800745a   0x0000010e   Code   RO         7039    i.dir_next          ff.o
    0x08007568   0x000000c6   Code   RO         7040    i.dir_read          ff.o
    0x0800762e   0x0000012a   Code   RO         7041    i.dir_register      ff.o
    0x08007758   0x0000006a   Code   RO         7042    i.dir_remove        ff.o
    0x080077c2   0x0000009e   Code   RO         7043    i.dir_sdi           ff.o
    0x08007860   0x00000038   Code   RO         6970    i.disk_initialize   diskio.o
    0x08007898   0x000000b4   Code   RO         6971    i.disk_ioctl        diskio.o
    0x0800794c   0x0000007a   Code   RO         6972    i.disk_read         diskio.o
    0x080079c6   0x00000006   Code   RO         6973    i.disk_status       diskio.o
    0x080079cc   0x0000007a   Code   RO         6974    i.disk_write        diskio.o
    0x08007a46   0x00000016   Code   RO            1    i.display_task      main.o
    0x08007a5c   0x00000074   Code   RO         6038    i.do_bind           api_msg.o
    0x08007ad0   0x00000074   Code   RO         6039    i.do_close          api_msg.o
    0x08007b44   0x0000012c   Code   RO         6040    i.do_close_internal  api_msg.o
    0x08007c70   0x000000c2   Code   RO         6043    i.do_delconn        api_msg.o
    0x08007d32   0x000000b2   Code   RO         6045    i.do_getaddr        api_msg.o
    0x08007de4   0x000000cc   Code   RO         6046    i.do_listen         api_msg.o
    0x08007eb0   0x00000020   Code   RO         6047    i.do_newconn        api_msg.o
    0x08007ed0   0x00000048   Code   RO         6048    i.do_recv           api_msg.o
    0x08007f18   0x0000006a   Code   RO         6050    i.do_write          api_msg.o
    0x08007f82   0x00000146   Code   RO         6051    i.do_writemore      api_msg.o
    0x080080c8   0x000000b2   Code   RO         6052    i.err_tcp           api_msg.o
    0x0800817a   0x0000012a   Code   RO         4427    i.etharp_arp_input  etharp.o
    0x080082a4   0x0000017c   Code   RO         4430    i.etharp_find_entry  etharp.o
    0x08008420   0x00000078   Code   RO         4431    i.etharp_free_entry  etharp.o
    0x08008498   0x0000014c   Code   RO         4432    i.etharp_output     etharp.o
    0x080085e4   0x0000006c   Code   RO         4433    i.etharp_output_to_arp_index  etharp.o
    0x08008650   0x00000174   Code   RO         4434    i.etharp_query      etharp.o
    0x080087c4   0x000000ba   Code   RO         4435    i.etharp_raw        etharp.o
    0x0800887e   0x00000002   PAD
    0x08008880   0x00000030   Code   RO         4436    i.etharp_request    etharp.o
    0x080088b0   0x0000003c   Code   RO         4437    i.etharp_send_ip    etharp.o
    0x080088ec   0x00000094   Code   RO         4438    i.etharp_tmr        etharp.o
    0x08008980   0x000000c4   Code   RO         4439    i.etharp_update_arp_entry  etharp.o
    0x08008a44   0x000000bc   Code   RO         4440    i.ethernet_input    etharp.o
    0x08008b00   0x00000030   Code   RO         4557    i.ethernetif_init   ethernetif.o
    0x08008b30   0x00000048   Code   RO         4558    i.ethernetif_input  ethernetif.o
    0x08008b78   0x0000004a   Code   RO         7375    i.exf_getfree       exfuns.o
    0x08008bc2   0x00000002   PAD
    0x08008bc4   0x00000084   Code   RO         7376    i.exfuns_init       exfuns.o
    0x08008c48   0x00000020   Code   RO         7045    i.f_close           ff.o
    0x08008c68   0x00000102   Code   RO         7047    i.f_getfree         ff.o
    0x08008d6a   0x00000052   Code   RO         7049    i.f_gets            ff.o
    0x08008dbc   0x000002ac   Code   RO         7050    i.f_lseek           ff.o
    0x08009068   0x0000017c   Code   RO         7051    i.f_mkdir           ff.o
    0x080091e4   0x00000648   Code   RO         7052    i.f_mkfs            ff.o
    0x0800982c   0x0000005c   Code   RO         7053    i.f_mount           ff.o
    0x08009888   0x00000180   Code   RO         7054    i.f_open            ff.o
    0x08009a08   0x00000088   Code   RO         7055    i.f_opendir         ff.o
    0x08009a90   0x00000040   Code   RO         7057    i.f_putc            ff.o
    0x08009ad0   0x0000004a   Code   RO         7058    i.f_puts            ff.o
    0x08009b1a   0x000001b0   Code   RO         7059    i.f_read            ff.o
    0x08009cca   0x00000072   Code   RO         7060    i.f_readdir         ff.o
    0x08009d3c   0x00000122   Code   RO         7061    i.f_rename          ff.o
    0x08009e5e   0x00000002   PAD
    0x08009e60   0x000001f4   Code   RO         7062    i.f_setlabel        ff.o
    0x0800a054   0x000000b0   Code   RO         7064    i.f_sync            ff.o
    0x0800a104   0x000000be   Code   RO         7066    i.f_unlink          ff.o
    0x0800a1c2   0x000001ea   Code   RO         7068    i.f_write           ff.o
    0x0800a3ac   0x0000007c   Code   RO         7555    i.ff_convert        cc936.o
    0x0800a428   0x0000000e   Code   RO         6975    i.ff_memalloc       diskio.o
    0x0800a436   0x0000000e   Code   RO         6976    i.ff_memfree        diskio.o
    0x0800a444   0x00000038   Code   RO         7556    i.ff_wtoupper       cc936.o
    0x0800a47c   0x00000394   Code   RO         7069    i.find_volume       ff.o
    0x0800a810   0x00000080   Code   RO         7070    i.fit_lfn           ff.o
    0x0800a890   0x00000090   Code   RO         7071    i.follow_path       ff.o
    0x0800a920   0x0000001c   Code   RO         2302    i.fputc             usart.o
    0x0800a93c   0x000000cc   Code   RO         7072    i.gen_numname       ff.o
    0x0800aa08   0x000000f2   Code   RO         7073    i.get_fat           ff.o
    0x0800aafa   0x00000004   Code   RO         6977    i.get_fattime       diskio.o
    0x0800aafe   0x00000110   Code   RO         7074    i.get_fileinfo      ff.o
    0x0800ac0e   0x0000004a   Code   RO         7075    i.get_ldnumber      ff.o
    0x0800ac58   0x00000012   Code   RO         5662    i.icmp_dest_unreach  icmp.o
    0x0800ac6a   0x00000002   PAD
    0x0800ac6c   0x000001a4   Code   RO         5663    i.icmp_input        icmp.o
    0x0800ae10   0x00000088   Code   RO         5664    i.icmp_send_response  icmp.o
    0x0800ae98   0x00000012   Code   RO         5665    i.icmp_time_exceeded  icmp.o
    0x0800aeaa   0x00000014   Code   RO         5707    i.inet_chksum       inet_chksum.o
    0x0800aebe   0x00000056   Code   RO         5708    i.inet_chksum_pbuf  inet_chksum.o
    0x0800af14   0x000000aa   Code   RO         5709    i.inet_chksum_pseudo  inet_chksum.o
    0x0800afbe   0x0000004e   Code   RO         5781    i.ip4_addr_isbroadcast  ip_addr.o
    0x0800b00c   0x000001ac   Code   RO         5840    i.ip_frag           ip_frag.o
    0x0800b1b8   0x0000000a   Code   RO         5841    i.ip_frag_alloc_pbuf_custom_ref  ip_frag.o
    0x0800b1c2   0x00000012   Code   RO         5842    i.ip_frag_free_pbuf_custom_ref  ip_frag.o
    0x0800b1d4   0x000001e0   Code   RO         5742    i.ip_input          ip.o
    0x0800b3b4   0x0000003c   Code   RO         5743    i.ip_output         ip.o
    0x0800b3f0   0x00000110   Code   RO         5744    i.ip_output_if      ip.o
    0x0800b500   0x000001a4   Code   RO         5843    i.ip_reass          ip_frag.o
    0x0800b6a4   0x00000164   Code   RO         5844    i.ip_reass_chain_frag_into_datagram_and_validate  ip_frag.o
    0x0800b808   0x0000002c   Code   RO         5845    i.ip_reass_dequeue_datagram  ip_frag.o
    0x0800b834   0x00000058   Code   RO         5846    i.ip_reass_enqueue_new_datagram  ip_frag.o
    0x0800b88c   0x000000a0   Code   RO         5847    i.ip_reass_free_complete_datagram  ip_frag.o
    0x0800b92c   0x0000007c   Code   RO         5848    i.ip_reass_remove_oldest_datagram  ip_frag.o
    0x0800b9a8   0x00000020   Code   RO         5521    i.ip_reass_timer    timers_1.o
    0x0800b9c8   0x0000003c   Code   RO         5849    i.ip_reass_tmr      ip_frag.o
    0x0800ba04   0x00000058   Code   RO         5745    i.ip_route          ip.o
    0x0800ba5c   0x00000020   Code   RO         5850    i.ipfrag_free_pbuf_custom  ip_frag.o
    0x0800ba7c   0x00000020   Code   RO         7076    i.ld_clust          ff.o
    0x0800ba9c   0x0000004c   Code   RO         4559    i.low_level_init    ethernetif.o
    0x0800bae8   0x0000000e   Code   RO         4560    i.low_level_input   ethernetif.o
    0x0800baf6   0x00000010   Code   RO         4561    i.low_level_output  ethernetif.o
    0x0800bb06   0x00000002   PAD
    0x0800bb08   0x0000006c   Code   RO         6699    i.lwip_comm_default_ip_set  lwip_comm.o
    0x0800bb74   0x0000022c   Code   RO         6700    i.lwip_comm_init    lwip_comm.o
    0x0800bda0   0x0000003c   Code   RO         6701    i.lwip_comm_mem_free  lwip_comm.o
    0x0800bddc   0x000000b8   Code   RO         6702    i.lwip_comm_mem_malloc  lwip_comm.o
    0x0800be94   0x00000010   Code   RO         6703    i.lwip_dm9000_input_task  lwip_comm.o
    0x0800bea4   0x0000001a   Code   RO         4609    i.lwip_htonl        def.o
    0x0800bebe   0x0000000c   Code   RO         4610    i.lwip_htons        def.o
    0x0800beca   0x00000024   Code   RO         4651    i.lwip_init         init.o
    0x0800beee   0x0000000c   Code   RO         4611    i.lwip_ntohl        def.o
    0x0800befa   0x0000000c   Code   RO         4612    i.lwip_ntohs        def.o
    0x0800bf06   0x00000002   Code   RO         6306    i.lwip_socket_init  sockets.o
    0x0800bf08   0x0000005e   Code   RO         5711    i.lwip_standard_chksum  inet_chksum.o
    0x0800bf66   0x00000002   PAD
    0x0800bf68   0x00000204   Code   RO            2    i.main              main.o
    0x0800c16c   0x00000026   Code   RO         7077    i.mem_cmp           ff.o
    0x0800c192   0x0000001a   Code   RO         7078    i.mem_cpy           ff.o
    0x0800c1ac   0x0000006c   Code   RO         4732    i.mem_free          mem.o
    0x0800c218   0x00000074   Code   RO         4733    i.mem_init          mem.o
    0x0800c28c   0x00000114   Code   RO         4734    i.mem_malloc        mem.o
    0x0800c3a0   0x00000014   Code   RO         7079    i.mem_set           ff.o
    0x0800c3b4   0x00000120   Code   RO         4735    i.mem_trim          mem.o
    0x0800c4d4   0x00000020   Code   RO         4775    i.memp_free         memp.o
    0x0800c4f4   0x00000008   Code   RO         4776    i.memp_get_memorysize  memp.o
    0x0800c4fc   0x00000068   Code   RO         4777    i.memp_init         memp.o
    0x0800c564   0x00000030   Code   RO         4778    i.memp_malloc       memp.o
    0x0800c594   0x00000014   Code   RO         7413    i.mf_close          fattester.o
    0x0800c5a8   0x00000014   Code   RO         7415    i.mf_fmkfs          fattester.o
    0x0800c5bc   0x0000004c   Code   RO         7417    i.mf_gets           fattester.o
    0x0800c608   0x00000014   Code   RO         7418    i.mf_lseek          fattester.o
    0x0800c61c   0x0000000c   Code   RO         7419    i.mf_mkdir          fattester.o
    0x0800c628   0x00000018   Code   RO         7420    i.mf_mount          fattester.o
    0x0800c640   0x0000001c   Code   RO         7421    i.mf_open           fattester.o
    0x0800c65c   0x00000014   Code   RO         7422    i.mf_opendir        fattester.o
    0x0800c670   0x00000018   Code   RO         7423    i.mf_putc           fattester.o
    0x0800c688   0x00000018   Code   RO         7424    i.mf_puts           fattester.o
    0x0800c6a0   0x00000158   Code   RO         7425    i.mf_read           fattester.o
    0x0800c7f8   0x00000194   Code   RO         7426    i.mf_readdir        fattester.o
    0x0800c98c   0x00000010   Code   RO         7427    i.mf_rename         fattester.o
    0x0800c99c   0x00000090   Code   RO         7428    i.mf_scan_files     fattester.o
    0x0800ca2c   0x000000a8   Code   RO         7430    i.mf_showfree       fattester.o
    0x0800cad4   0x0000000c   Code   RO         7431    i.mf_size           fattester.o
    0x0800cae0   0x0000000c   Code   RO         7432    i.mf_tell           fattester.o
    0x0800caec   0x0000000c   Code   RO         7433    i.mf_unlink         fattester.o
    0x0800caf8   0x000000b8   Code   RO         7434    i.mf_write          fattester.o
    0x0800cbb0   0x00000034   Code   RO         7080    i.move_window       ff.o
    0x0800cbe4   0x0000006c   Code   RO         4357    i.my_mem_free       malloc.o
    0x0800cc50   0x00000044   Code   RO         4358    i.my_mem_init       malloc.o
    0x0800cc94   0x000000a8   Code   RO         4359    i.my_mem_malloc     malloc.o
    0x0800cd3c   0x00000040   Code   RO         4360    i.my_mem_perused    malloc.o
    0x0800cd7c   0x00000024   Code   RO         4361    i.myfree            malloc.o
    0x0800cda0   0x00000028   Code   RO         4362    i.mymalloc          malloc.o
    0x0800cdc8   0x00000014   Code   RO         4364    i.mymemset          malloc.o
    0x0800cddc   0x00000020   Code   RO         6204    i.netbuf_delete     netbuf.o
    0x0800cdfc   0x0000009e   Code   RO         5906    i.netconn_accept    api_lib.o
    0x0800ce9a   0x00000098   Code   RO         6053    i.netconn_alloc     api_msg.o
    0x0800cf32   0x00000002   PAD
    0x0800cf34   0x00000044   Code   RO         5907    i.netconn_bind      api_lib.o
    0x0800cf78   0x0000000e   Code   RO         5908    i.netconn_close     api_lib.o
    0x0800cf86   0x00000002   PAD
    0x0800cf88   0x00000040   Code   RO         5909    i.netconn_close_shutdown  api_lib.o
    0x0800cfc8   0x00000028   Code   RO         5911    i.netconn_delete    api_lib.o
    0x0800cff0   0x000000aa   Code   RO         6054    i.netconn_drain     api_msg.o
    0x0800d09a   0x0000003a   Code   RO         6055    i.netconn_free      api_msg.o
    0x0800d0d4   0x00000064   Code   RO         5913    i.netconn_getaddr   api_lib.o
    0x0800d138   0x0000003c   Code   RO         5914    i.netconn_listen_with_backlog  api_lib.o
    0x0800d174   0x00000078   Code   RO         5915    i.netconn_new_with_proto_and_callback  api_lib.o
    0x0800d1ec   0x0000009c   Code   RO         5916    i.netconn_recv      api_lib.o
    0x0800d288   0x000000fc   Code   RO         5917    i.netconn_recv_data  api_lib.o
    0x0800d384   0x000000a0   Code   RO         5923    i.netconn_write_partly  api_lib.o
    0x0800d424   0x00000088   Code   RO         4832    i.netif_add         netif.o
    0x0800d4ac   0x00000002   Code   RO         4834    i.netif_init        netif.o
    0x0800d4ae   0x00000028   Code   RO         4836    i.netif_set_addr    netif.o
    0x0800d4d6   0x00000002   PAD
    0x0800d4d8   0x00000010   Code   RO         4837    i.netif_set_default  netif.o
    0x0800d4e8   0x00000010   Code   RO         4839    i.netif_set_gw      netif.o
    0x0800d4f8   0x00000084   Code   RO         4840    i.netif_set_ipaddr  netif.o
    0x0800d57c   0x00000010   Code   RO         4843    i.netif_set_netmask  netif.o
    0x0800d58c   0x00000036   Code   RO         4844    i.netif_set_up      netif.o
    0x0800d5c2   0x0000000e   Code   RO         2415    i.opt_delay         lcd.o
    0x0800d5d0   0x000001aa   Code   RO         4926    i.pbuf_alloc        pbuf.o
    0x0800d77a   0x00000074   Code   RO         4927    i.pbuf_alloced_custom  pbuf.o
    0x0800d7ee   0x00000038   Code   RO         4928    i.pbuf_cat          pbuf.o
    0x0800d826   0x00000012   Code   RO         4930    i.pbuf_clen         pbuf.o
    0x0800d838   0x000000c8   Code   RO         4932    i.pbuf_copy         pbuf.o
    0x0800d900   0x00000092   Code   RO         4933    i.pbuf_copy_partial  pbuf.o
    0x0800d992   0x00000096   Code   RO         4935    i.pbuf_free         pbuf.o
    0x0800da28   0x00000034   Code   RO         4936    i.pbuf_free_ooseq   pbuf.o
    0x0800da5c   0x0000000a   Code   RO         4937    i.pbuf_free_ooseq_callback  pbuf.o
    0x0800da66   0x00000086   Code   RO         4939    i.pbuf_header       pbuf.o
    0x0800daec   0x00000030   Code   RO         4942    i.pbuf_pool_is_empty  pbuf.o
    0x0800db1c   0x00000078   Code   RO         4943    i.pbuf_realloc      pbuf.o
    0x0800db94   0x0000000a   Code   RO         4944    i.pbuf_ref          pbuf.o
    0x0800db9e   0x00000002   PAD
    0x0800dba0   0x0000009c   Code   RO         6056    i.pcb_new           api_msg.o
    0x0800dc3c   0x00000074   Code   RO         7081    i.pick_lfn          ff.o
    0x0800dcb0   0x00000088   Code   RO         4736    i.plug_holes        mem.o
    0x0800dd38   0x0000006a   Code   RO         6057    i.poll_tcp          api_msg.o
    0x0800dda2   0x00000002   PAD
    0x0800dda4   0x00000098   Code   RO         3579    i.prvAddCurrentTaskToDelayedList  tasks.o
    0x0800de3c   0x000000b8   Code   RO         3580    i.prvAddNewTaskToReadyList  tasks.o
    0x0800def4   0x00000074   Code   RO         3969    i.prvCheckForValidListAndQueue  timers.o
    0x0800df68   0x00000048   Code   RO         3581    i.prvCheckTasksWaitingTermination  tasks.o
    0x0800dfb0   0x0000002a   Code   RO         3311    i.prvCopyDataFromQueue  queue.o
    0x0800dfda   0x0000007c   Code   RO         3312    i.prvCopyDataToQueue  queue.o
    0x0800e056   0x00000002   PAD
    0x0800e058   0x0000006c   Code   RO         3582    i.prvDeleteTCB      tasks.o
    0x0800e0c4   0x00000014   Code   RO         3313    i.prvGetDisinheritPriorityAfterTimeout  queue.o
    0x0800e0d8   0x00000028   Code   RO         3970    i.prvGetNextExpireTime  timers.o
    0x0800e100   0x0000007c   Code   RO         4194    i.prvHeapInit       heap_4.o
    0x0800e17c   0x00000028   Code   RO         3583    i.prvIdleTask       tasks.o
    0x0800e1a4   0x0000001c   Code   RO         3314    i.prvInitialiseMutex  queue.o
    0x0800e1c0   0x0000002e   Code   RO         3315    i.prvInitialiseNewQueue  queue.o
    0x0800e1ee   0x00000002   PAD
    0x0800e1f0   0x000000d0   Code   RO         3584    i.prvInitialiseNewTask  tasks.o
    0x0800e2c0   0x00000068   Code   RO         3585    i.prvInitialiseTaskLists  tasks.o
    0x0800e328   0x00000068   Code   RO         4195    i.prvInsertBlockIntoFreeList  heap_4.o
    0x0800e390   0x00000058   Code   RO         3972    i.prvInsertTimerInActiveList  timers.o
    0x0800e3e8   0x0000001a   Code   RO         3316    i.prvIsQueueEmpty   queue.o
    0x0800e402   0x0000001e   Code   RO         3317    i.prvIsQueueFull    queue.o
    0x0800e420   0x000000a0   Code   RO         3318    i.prvNotifyQueueSetContainer  queue.o
    0x0800e4c0   0x00000080   Code   RO         3973    i.prvProcessExpiredTimer  timers.o
    0x0800e540   0x00000130   Code   RO         3974    i.prvProcessReceivedCommands  timers.o
    0x0800e670   0x00000074   Code   RO         3975    i.prvProcessTimerOrBlockTask  timers.o
    0x0800e6e4   0x00000034   Code   RO         3587    i.prvResetNextTaskUnblockTime  tasks.o
    0x0800e718   0x0000002c   Code   RO         3976    i.prvSampleTimeNow  timers.o
    0x0800e744   0x000000bc   Code   RO         3977    i.prvSwitchTimerLists  timers.o
    0x0800e800   0x00000070   Code   RO         4118    i.prvTaskExitError  port.o
    0x0800e870   0x0000001a   Code   RO         3978    i.prvTimerTask      timers.o
    0x0800e88a   0x00000092   Code   RO         3319    i.prvUnlockQueue    queue.o
    0x0800e91c   0x00000142   Code   RO         7082    i.put_fat           ff.o
    0x0800ea5e   0x00000044   Code   RO         7083    i.putc_bfd          ff.o
    0x0800eaa2   0x00000002   PAD
    0x0800eaa4   0x00000154   Code   RO         4196    i.pvPortMalloc      heap_4.o
    0x0800ebf8   0x00000020   Code   RO         3591    i.pvTaskIncrementMutexHeldCount  tasks.o
    0x0800ec18   0x00000024   Code   RO         4119    i.pxPortInitialiseStack  port.o
    0x0800ec3c   0x00000010   Code   RO         5070    i.raw_bind          raw.o
    0x0800ec4c   0x00000074   Code   RO         5072    i.raw_input         raw.o
    0x0800ecc0   0x00000034   Code   RO         5073    i.raw_new           raw.o
    0x0800ecf4   0x00000006   Code   RO         5074    i.raw_recv          raw.o
    0x0800ecfa   0x00000002   PAD
    0x0800ecfc   0x00000040   Code   RO         5075    i.raw_remove        raw.o
    0x0800ed3c   0x00000006   Code   RO         6808    i.read_addr         usmart.o
    0x0800ed42   0x00000002   PAD
    0x0800ed44   0x0000009c   Code   RO         6058    i.recv_raw          api_msg.o
    0x0800ede0   0x00000080   Code   RO         6059    i.recv_tcp          api_msg.o
    0x0800ee60   0x00000082   Code   RO         6060    i.recv_udp          api_msg.o
    0x0800eee2   0x0000006c   Code   RO         7084    i.remove_chain      ff.o
    0x0800ef4e   0x00000068   Code   RO         6061    i.sent_tcp          api_msg.o
    0x0800efb6   0x00000002   PAD
    0x0800efb8   0x00000044   Code   RO         6062    i.setup_tcp         api_msg.o
    0x0800effc   0x000001e4   Code   RO            3    i.show_address      main.o
    0x0800f1e0   0x00000010   Code   RO         7085    i.st_clust          ff.o
    0x0800f1f0   0x00000044   Code   RO            4    i.start_task        main.o
    0x0800f234   0x00000020   Code   RO         7086    i.sum_sfn           ff.o
    0x0800f254   0x000000c8   Code   RO         7087    i.sync_fs           ff.o
    0x0800f31c   0x00000052   Code   RO         7088    i.sync_window       ff.o
    0x0800f36e   0x00000060   Code   RO         6554    i.sys_arch_mbox_fetch  sys_arch.o
    0x0800f3ce   0x00000022   Code   RO         6555    i.sys_arch_mbox_tryfetch  sys_arch.o
    0x0800f3f0   0x00000050   Code   RO         6557    i.sys_arch_sem_wait  sys_arch.o
    0x0800f440   0x0000000c   Code   RO         6560    i.sys_init          sys_arch.o
    0x0800f44c   0x00000012   Code   RO         6561    i.sys_mbox_free     sys_arch.o
    0x0800f45e   0x00000020   Code   RO         6562    i.sys_mbox_new      sys_arch.o
    0x0800f47e   0x00000018   Code   RO         6563    i.sys_mbox_post     sys_arch.o
    0x0800f496   0x00000006   Code   RO         6564    i.sys_mbox_set_invalid  sys_arch.o
    0x0800f49c   0x00000020   Code   RO         6565    i.sys_mbox_trypost  sys_arch.o
    0x0800f4bc   0x0000000e   Code   RO         6566    i.sys_mbox_valid    sys_arch.o
    0x0800f4ca   0x0000000c   Code   RO         6568    i.sys_sem_free      sys_arch.o
    0x0800f4d6   0x0000003a   Code   RO         6569    i.sys_sem_new       sys_arch.o
    0x0800f510   0x00000006   Code   RO         6570    i.sys_sem_set_invalid  sys_arch.o
    0x0800f516   0x00000012   Code   RO         6571    i.sys_sem_signal    sys_arch.o
    0x0800f528   0x0000000e   Code   RO         6572    i.sys_sem_valid     sys_arch.o
    0x0800f536   0x00000002   PAD
    0x0800f538   0x00000044   Code   RO         6573    i.sys_thread_new    sys_arch.o
    0x0800f57c   0x0000009c   Code   RO         5522    i.sys_timeout       timers_1.o
    0x0800f618   0x00000024   Code   RO         5523    i.sys_timeouts_init  timers_1.o
    0x0800f63c   0x00000088   Code   RO         5524    i.sys_timeouts_mbox_fetch  timers_1.o
    0x0800f6c4   0x00000060   Code   RO         5525    i.sys_untimeout     timers_1.o
    0x0800f724   0x000000a4   Code   RO         5132    i.tcp_abandon       tcp.o
    0x0800f7c8   0x0000000e   Code   RO         5133    i.tcp_abort         tcp.o
    0x0800f7d6   0x00000004   Code   RO         5134    i.tcp_accept        tcp.o
    0x0800f7da   0x00000008   Code   RO         5135    i.tcp_accept_null   tcp.o
    0x0800f7e2   0x00000002   PAD
    0x0800f7e4   0x000000c4   Code   RO         5136    i.tcp_alloc         tcp.o
    0x0800f8a8   0x00000004   Code   RO         5137    i.tcp_arg           tcp.o
    0x0800f8ac   0x0000009c   Code   RO         5138    i.tcp_bind          tcp.o
    0x0800f948   0x0000001c   Code   RO         5139    i.tcp_close         tcp.o
    0x0800f964   0x000001c8   Code   RO         5140    i.tcp_close_shutdown  tcp.o
    0x0800fb2c   0x000000b8   Code   RO         5423    i.tcp_create_segment  tcp_out.o
    0x0800fbe4   0x0000002e   Code   RO         5143    i.tcp_eff_send_mss  tcp.o
    0x0800fc12   0x00000126   Code   RO         5424    i.tcp_enqueue_flags  tcp_out.o
    0x0800fd38   0x0000000a   Code   RO         5144    i.tcp_err           tcp.o
    0x0800fd42   0x00000002   PAD
    0x0800fd44   0x00000080   Code   RO         5145    i.tcp_fasttmr       tcp.o
    0x0800fdc4   0x00000002   Code   RO         5146    i.tcp_init          tcp.o
    0x0800fdc6   0x00000002   PAD
    0x0800fdc8   0x000004b8   Code   RO         5367    i.tcp_input         tcp_in.o
    0x08010280   0x00000066   Code   RO         5425    i.tcp_keepalive     tcp_out.o
    0x080102e6   0x00000002   PAD
    0x080102e8   0x00000058   Code   RO         5147    i.tcp_kill_prio     tcp.o
    0x08010340   0x00000040   Code   RO         5148    i.tcp_kill_timewait  tcp.o
    0x08010380   0x0000013c   Code   RO         5368    i.tcp_listen_input  tcp_in.o
    0x080104bc   0x000000d8   Code   RO         5149    i.tcp_listen_with_backlog  tcp.o
    0x08010594   0x0000000a   Code   RO         5150    i.tcp_new           tcp.o
    0x0801059e   0x00000002   PAD
    0x080105a0   0x00000068   Code   RO         5151    i.tcp_new_port      tcp.o
    0x08010608   0x0000001c   Code   RO         5152    i.tcp_next_iss      tcp.o
    0x08010624   0x00000090   Code   RO         5369    i.tcp_oos_insert_segment  tcp_in.o
    0x080106b4   0x000001c0   Code   RO         5426    i.tcp_output        tcp_out.o
    0x08010874   0x00000078   Code   RO         5427    i.tcp_output_alloc_header  tcp_out.o
    0x080108ec   0x000000ec   Code   RO         5428    i.tcp_output_segment  tcp_out.o
    0x080109d8   0x000000d0   Code   RO         5370    i.tcp_parseopt      tcp_in.o
    0x08010aa8   0x00000078   Code   RO         5429    i.tcp_pbuf_prealloc  tcp_out.o
    0x08010b20   0x0000006a   Code   RO         5153    i.tcp_pcb_purge     tcp.o
    0x08010b8a   0x00000002   PAD
    0x08010b8c   0x00000094   Code   RO         5154    i.tcp_pcb_remove    tcp.o
    0x08010c20   0x0000000e   Code   RO         5155    i.tcp_poll          tcp.o
    0x08010c2e   0x00000002   PAD
    0x08010c30   0x000005b8   Code   RO         5371    i.tcp_process       tcp_in.o
    0x080111e8   0x00000098   Code   RO         5156    i.tcp_process_refused_data  tcp.o
    0x08011280   0x00000a30   Code   RO         5372    i.tcp_receive       tcp_in.o
    0x08011cb0   0x0000000a   Code   RO         5157    i.tcp_recv          tcp.o
    0x08011cba   0x0000002e   Code   RO         5158    i.tcp_recv_null     tcp.o
    0x08011ce8   0x0000004a   Code   RO         5159    i.tcp_recved        tcp.o
    0x08011d32   0x0000005a   Code   RO         5430    i.tcp_rexmit        tcp_out.o
    0x08011d8c   0x00000078   Code   RO         5431    i.tcp_rexmit_fast   tcp_out.o
    0x08011e04   0x0000003a   Code   RO         5432    i.tcp_rexmit_rto    tcp_out.o
    0x08011e3e   0x00000096   Code   RO         5433    i.tcp_rst           tcp_out.o
    0x08011ed4   0x00000026   Code   RO         5160    i.tcp_seg_copy      tcp.o
    0x08011efa   0x0000001a   Code   RO         5161    i.tcp_seg_free      tcp.o
    0x08011f14   0x00000018   Code   RO         5162    i.tcp_segs_free     tcp.o
    0x08011f2c   0x00000068   Code   RO         5434    i.tcp_send_empty_ack  tcp_out.o
    0x08011f94   0x0000004a   Code   RO         5435    i.tcp_send_fin      tcp_out.o
    0x08011fde   0x00000008   Code   RO         5163    i.tcp_sent          tcp.o
    0x08011fe6   0x00000002   PAD
    0x08011fe8   0x00000038   Code   RO         6777    i.tcp_server_init   tcp_server_demo.o
    0x08012020   0x000001f8   Code   RO         6778    i.tcp_server_thread  tcp_server_demo.o
    0x08012218   0x00000062   Code   RO         5165    i.tcp_shutdown      tcp.o
    0x0801227a   0x00000002   PAD
    0x0801227c   0x00000388   Code   RO         5166    i.tcp_slowtmr       tcp.o
    0x08012604   0x00000038   Code   RO         5526    i.tcp_timer_needed  timers_1.o
    0x0801263c   0x000000ac   Code   RO         5373    i.tcp_timewait_input  tcp_in.o
    0x080126e8   0x00000024   Code   RO         5167    i.tcp_tmr           tcp.o
    0x0801270c   0x0000004e   Code   RO         5168    i.tcp_update_rcv_ann_wnd  tcp.o
    0x0801275a   0x000003d0   Code   RO         5436    i.tcp_write         tcp_out.o
    0x08012b2a   0x00000080   Code   RO         5437    i.tcp_write_checks  tcp_out.o
    0x08012baa   0x000000c6   Code   RO         5438    i.tcp_zero_window_probe  tcp_out.o
    0x08012c70   0x00000040   Code   RO         6463    i.tcpip_apimsg      tcpip.o
    0x08012cb0   0x00000060   Code   RO         6464    i.tcpip_callback_with_block  tcpip.o
    0x08012d10   0x00000054   Code   RO         6467    i.tcpip_init        tcpip.o
    0x08012d64   0x0000004c   Code   RO         6468    i.tcpip_input       tcpip.o
    0x08012db0   0x00000038   Code   RO         5527    i.tcpip_tcp_timer   timers_1.o
    0x08012de8   0x000000e4   Code   RO         6469    i.tcpip_thread      tcpip.o
    0x08012ecc   0x000000a4   Code   RO         2303    i.uart_init         usart.o
    0x08012f70   0x00000098   Code   RO         5573    i.udp_bind          udp.o
    0x08013008   0x00000002   Code   RO         5576    i.udp_init          udp.o
    0x0801300a   0x00000002   PAD
    0x0801300c   0x000001cc   Code   RO         5577    i.udp_input         udp.o
    0x080131d8   0x0000001c   Code   RO         5578    i.udp_new           udp.o
    0x080131f4   0x00000058   Code   RO         5579    i.udp_new_port      udp.o
    0x0801324c   0x00000006   Code   RO         5580    i.udp_recv          udp.o
    0x08013252   0x00000002   PAD
    0x08013254   0x00000040   Code   RO         5581    i.udp_remove        udp.o
    0x08013294   0x000000b0   Code   RO         6809    i.usmart_cmd_rec    usmart.o
    0x08013344   0x000002d4   Code   RO         6810    i.usmart_exe        usmart.o
    0x08013618   0x000000c8   Code   RO         6898    i.usmart_get_aparm  usmart_str.o
    0x080136e0   0x00000036   Code   RO         6899    i.usmart_get_cmdname  usmart_str.o
    0x08013716   0x00000002   PAD
    0x08013718   0x000001c0   Code   RO         6900    i.usmart_get_fname  usmart_str.o
    0x080138d8   0x0000010c   Code   RO         6901    i.usmart_get_fparam  usmart_str.o
    0x080139e4   0x00000020   Code   RO         6902    i.usmart_get_parmpos  usmart_str.o
    0x08013a04   0x00000040   Code   RO         6811    i.usmart_get_runtime  usmart.o
    0x08013a44   0x00000028   Code   RO         6812    i.usmart_init       usmart.o
    0x08013a6c   0x00000016   Code   RO         6903    i.usmart_pow        usmart_str.o
    0x08013a82   0x00000002   PAD
    0x08013a84   0x00000028   Code   RO         6813    i.usmart_reset_runtime  usmart.o
    0x08013aac   0x000000bc   Code   RO         6814    i.usmart_scan       usmart.o
    0x08013b68   0x00000016   Code   RO         6904    i.usmart_search_nextc  usmart_str.o
    0x08013b7e   0x000000ca   Code   RO         6905    i.usmart_str2num    usmart_str.o
    0x08013c48   0x00000022   Code   RO         6906    i.usmart_strcmp     usmart_str.o
    0x08013c6a   0x00000016   Code   RO         6907    i.usmart_strcopy    usmart_str.o
    0x08013c80   0x00000018   Code   RO         6908    i.usmart_strlen     usmart_str.o
    0x08013c98   0x000006e4   Code   RO         6815    i.usmart_sys_cmd_exe  usmart.o
    0x0801437c   0x00000028   Code   RO         3271    i.uxListRemove      list.o
    0x080143a4   0x00000044   Code   RO         3322    i.uxQueueMessagesWaiting  queue.o
    0x080143e8   0x00000018   Code   RO         3599    i.vApplicationGetIdleTaskMemory  tasks.o
    0x08014400   0x00000018   Code   RO         3600    i.vApplicationGetTimerTaskMemory  tasks.o
    0x08014418   0x0000001a   Code   RO         3272    i.vListInitialise   list.o
    0x08014432   0x00000006   Code   RO         3273    i.vListInitialiseItem  list.o
    0x08014438   0x00000034   Code   RO         3274    i.vListInsert       list.o
    0x0801446c   0x00000018   Code   RO         3275    i.vListInsertEnd    list.o
    0x08014484   0x00000088   Code   RO         4121    i.vPortEnterCritical  port.o
    0x0801450c   0x00000070   Code   RO         4122    i.vPortExitCritical  port.o
    0x0801457c   0x000000b8   Code   RO         4197    i.vPortFree         heap_4.o
    0x08014634   0x00000028   Code   RO         4123    i.vPortSetupTimerInterrupt  port.o
    0x0801465c   0x000000a0   Code   RO         4124    i.vPortValidateInterruptPriority  port.o
    0x080146fc   0x0000002c   Code   RO         3325    i.vQueueAddToRegistry  queue.o
    0x08014728   0x0000004c   Code   RO         3326    i.vQueueDelete      queue.o
    0x08014774   0x00000030   Code   RO         3328    i.vQueueUnregisterQueue  queue.o
    0x080147a4   0x0000004a   Code   RO         3329    i.vQueueWaitForMessageRestricted  queue.o
    0x080147ee   0x00000002   PAD
    0x080147f0   0x00000074   Code   RO         3601    i.vTaskDelay        tasks.o
    0x08014864   0x00000018   Code   RO         3606    i.vTaskInternalSetTimeOutState  tasks.o
    0x0801487c   0x0000000c   Code   RO         3608    i.vTaskMissedYield  tasks.o
    0x08014888   0x00000054   Code   RO         3610    i.vTaskPlaceOnEventList  tasks.o
    0x080148dc   0x0000005c   Code   RO         3611    i.vTaskPlaceOnEventListRestricted  tasks.o
    0x08014938   0x00000104   Code   RO         3613    i.vTaskPriorityDisinheritAfterTimeout  tasks.o
    0x08014a3c   0x000000d4   Code   RO         3619    i.vTaskStartScheduler  tasks.o
    0x08014b10   0x0000010c   Code   RO         3620    i.vTaskSuspend      tasks.o
    0x08014c1c   0x00000010   Code   RO         3621    i.vTaskSuspendAll   tasks.o
    0x08014c2c   0x000000a8   Code   RO         3622    i.vTaskSwitchContext  tasks.o
    0x08014cd4   0x00000036   Code   RO         7089    i.validate          ff.o
    0x08014d0a   0x00000004   Code   RO         6816    i.write_addr        usmart.o
    0x08014d0e   0x00000002   PAD
    0x08014d10   0x00000140   Code   RO         4125    i.xPortStartScheduler  port.o
    0x08014e50   0x00000034   Code   RO         4126    i.xPortSysTickHandler  port.o
    0x08014e84   0x0000006c   Code   RO         3331    i.xQueueCreateCountingSemaphore  queue.o
    0x08014ef0   0x00000022   Code   RO         3333    i.xQueueCreateMutex  queue.o
    0x08014f12   0x00000002   PAD
    0x08014f14   0x00000078   Code   RO         3336    i.xQueueGenericCreate  queue.o
    0x08014f8c   0x000000d0   Code   RO         3337    i.xQueueGenericCreateStatic  queue.o
    0x0801505c   0x000000b0   Code   RO         3338    i.xQueueGenericReset  queue.o
    0x0801510c   0x000001c4   Code   RO         3339    i.xQueueGenericSend  queue.o
    0x080152d0   0x00000110   Code   RO         3340    i.xQueueGenericSendFromISR  queue.o
    0x080153e0   0x000000fc   Code   RO         3341    i.xQueueGiveFromISR  queue.o
    0x080154dc   0x00000170   Code   RO         3347    i.xQueueReceive     queue.o
    0x0801564c   0x000001b4   Code   RO         3352    i.xQueueSemaphoreTake  queue.o
    0x08015800   0x0000009c   Code   RO         3623    i.xTaskCheckForTimeOut  tasks.o
    0x0801589c   0x00000064   Code   RO         3624    i.xTaskCreate       tasks.o
    0x08015900   0x000000bc   Code   RO         3625    i.xTaskCreateStatic  tasks.o
    0x080159bc   0x00000020   Code   RO         3629    i.xTaskGetSchedulerState  tasks.o
    0x080159dc   0x0000000c   Code   RO         3630    i.xTaskGetTickCount  tasks.o
    0x080159e8   0x00000160   Code   RO         3632    i.xTaskIncrementTick  tasks.o
    0x08015b48   0x000000d8   Code   RO         3635    i.xTaskPriorityDisinherit  tasks.o
    0x08015c20   0x000000c8   Code   RO         3636    i.xTaskPriorityInherit  tasks.o
    0x08015ce8   0x000000b4   Code   RO         3637    i.xTaskRemoveFromEventList  tasks.o
    0x08015d9c   0x00000120   Code   RO         3638    i.xTaskResumeAll    tasks.o
    0x08015ebc   0x00000098   Code   RO         3985    i.xTimerCreateTimerTask  timers.o
    0x08015f54   0x000000a4   Code   RO         3986    i.xTimerGenericCommand  timers.o
    0x08015ff8   0x000017c0   Data   RO         2417    .constdata          lcd.o
    0x080177b8   0x0000000e   Data   RO         4246    .constdata          tskled.o
    0x080177c6   0x0000001c   Data   RO         4299    .constdata          tskkey.o
    0x080177e2   0x00000007   Data   RO         4321    .constdata          tskinit.o
    0x080177e9   0x00000003   PAD
    0x080177ec   0x00000018   Data   RO         4369    .constdata          malloc.o
    0x08017804   0x0000000c   Data   RO         4442    .constdata          etharp.o
    0x08017810   0x00000038   Data   RO         4780    .constdata          memp.o
    0x08017848   0x00000050   Data   RO         5169    .constdata          tcp.o
    0x08017898   0x00000008   Data   RO         5788    .constdata          ip_addr.o
    0x080178a0   0x00000005   Data   RO         6780    .constdata          tcp_server_demo.o
    0x080178a5   0x00000001   PAD
    0x080178a6   0x0000003a   Data   RO         7090    .constdata          ff.o
    0x080178e0   0x0002acc8   Data   RO         7557    .constdata          cc936.o
    0x080425a8   0x00000028   Data   RO         7612    .constdata          c_w.l(_printf_hex_int.o)
    0x080425d0   0x00000011   Data   RO         7647    .constdata          c_w.l(__printf_flags_ss_wp.o)
    0x080425e1   0x00000003   PAD
    0x080425e4   0x00000019   Data   RO            6    .conststring        main.o
    0x080425fd   0x00000003   PAD
    0x08042600   0x000000a0   Data   RO         4781    .conststring        memp.o
    0x080426a0   0x0000006d   Data   RO         5170    .conststring        tcp.o
    0x0804270d   0x00000003   PAD
    0x08042710   0x00000012   Data   RO         6705    .conststring        lwip_comm.o
    0x08042722   0x00000002   PAD
    0x08042724   0x0000000f   Data   RO         6781    .conststring        tcp_server_demo.o
    0x08042733   0x00000001   PAD
    0x08042734   0x00000028   Data   RO         6817    .conststring        usmart.o
    0x0804275c   0x000004a7   Data   RO         6882    .conststring        usmart_config.o
    0x08042c03   0x00000001   PAD
    0x08042c04   0x00000020   Data   RO         7886    Region$$Table       anon$$obj.o


    Execution Region RW_IRAM1 (Base: 0x20000000, Size: 0x0000e140, Max: 0x00010000, ABSOLUTE, COMPRESSED[0x000001ac])

    Base Addr    Size         Type   Attr      Idx    E Section Name        Object

    0x20000000   0x00000008   Data   RW            7    .data               main.o
    0x20000008   0x00000014   Data   RW          345    .data               system_stm32f10x.o
    0x2000001c   0x00000014   Data   RW          695    .data               stm32f10x_rcc.o
    0x20000030   0x00000004   Data   RW         2226    .data               delay.o
    0x20000034   0x00000006   Data   RW         2305    .data               usart.o
    0x2000003a   0x00000004   Data   RW         2418    .data               lcd.o
    0x2000003e   0x00000001   Data   RW         2754    .data               key.o
    0x2000003f   0x00000001   PAD
    0x20000040   0x00000010   Data   RW         2844    .data               sdio_sdcard.o
    0x20000050   0x00000002   Data   RW         3056    .data               w25qxx.o
    0x20000052   0x00000002   PAD
    0x20000054   0x0000003c   Data   RW         3641    .data               tasks.o
    0x20000090   0x00000014   Data   RW         3994    .data               timers.o
    0x200000a4   0x0000000c   Data   RW         4127    .data               port.o
    0x200000b0   0x00000018   Data   RW         4202    .data               heap_4.o
    0x200000c8   0x00000018   Data   RW         4247    .data               tskled.o
    0x200000e0   0x0000000c   Data   RW         4300    .data               tskkey.o
    0x200000ec   0x0000000c   Data   RW         4322    .data               tskinit.o
    0x200000f8   0x0000001c   Data   RW         4370    .data               malloc.o
    0x20000114   0x00000001   Data   RW         4443    .data               etharp.o
    0x20000115   0x00000003   PAD
    0x20000118   0x00000014   Data   RW         4737    .data               mem.o
    0x2000012c   0x0000003c   Data   RW         4782    .data               memp.o
    0x20000168   0x00000009   Data   RW         4845    .data               netif.o
    0x20000171   0x00000001   Data   RW         4947    .data               pbuf.o
    0x20000172   0x00000002   PAD
    0x20000174   0x00000004   Data   RW         5078    .data               raw.o
    0x20000178   0x00000024   Data   RW         5171    .data               tcp.o
    0x2000019c   0x00000020   Data   RW         5375    .data               tcp_in.o
    0x200001bc   0x00000008   Data   RW         5528    .data               timers_1.o
    0x200001c4   0x00000008   Data   RW         5585    .data               udp.o
    0x200001cc   0x00000012   Data   RW         5746    .data               ip.o
    0x200001de   0x00000002   PAD
    0x200001e0   0x00000006   Data   RW         5851    .data               ip_frag.o
    0x200001e6   0x00000002   PAD
    0x200001e8   0x0000000c   Data   RW         6473    .data               tcpip.o
    0x200001f4   0x00000003   Data   RW         6574    .data               sys_arch.o
    0x200001f7   0x00000001   PAD
    0x200001f8   0x00000014   Data   RW         6706    .data               lwip_comm.o
    0x2000020c   0x00000012   Data   RW         6782    .data               tcp_server_demo.o
    0x2000021e   0x00000002   PAD
    0x20000220   0x0000001c   Data   RW         6818    .data               usmart.o
    0x2000023c   0x0000021c   Data   RW         6883    .data               usmart_config.o
    0x20000458   0x00000002   Data   RW         6978    .data               diskio.o
    0x2000045a   0x00000002   PAD
    0x2000045c   0x0000000a   Data   RW         7091    .data               ff.o
    0x20000466   0x00000002   PAD
    0x20000468   0x0000001c   Data   RW         7381    .data               exfuns.o
    0x20000484   0x000004b8   Zero   RW            5    .bss                main.o
    0x2000093c   0x000000c8   Zero   RW         2304    .bss                usart.o
    0x20000a04   0x0000000e   Zero   RW         2416    .bss                lcd.o
    0x20000a12   0x00000012   Zero   RW         2660    .bss                dm9000.o
    0x20000a24   0x00000800   Zero   RW         2776    .bss                stmflash.o
    0x20001224   0x00000004   PAD
    0x20001228   0x000002c0   Zero   RW         2843    .bss                sdio_sdcard.o
    0x200014e8   0x00001000   Zero   RW         3055    .bss                w25qxx.o
    0x200024e8   0x00000040   Zero   RW         3354    .bss                queue.o
    0x20002528   0x0000099c   Zero   RW         3640    .bss                tasks.o
    0x20002ec4   0x000000cc   Zero   RW         3993    .bss                timers.o
    0x20002f90   0x00005000   Zero   RW         4201    .bss                heap_4.o
    0x20007f90   0x00000010   PAD
    0x20007fa0   0x00005500   Zero   RW         4368    .bss                malloc.o
    0x2000d4a0   0x000000c8   Zero   RW         4441    .bss                etharp.o
    0x2000d568   0x00000038   Zero   RW         4779    .bss                memp.o
    0x2000d5a0   0x00000014   Zero   RW         5374    .bss                tcp_in.o
    0x2000d5b4   0x00000100   Zero   RW         6704    .bss                lwip_comm.o
    0x2000d6b4   0x000003e8   Zero   RW         6779    .bss                tcp_server_demo.o
    0x2000da9c   0x00000044   Zero   RW         7378    .bss                exfuns.o
    0x2000dae0   0x00000060   Zero   RW         7769    .bss                c_w.l(libspace.o)
    0x2000db40   0x00000200   Zero   RW          387    HEAP                startup_stm32f10x_hd.o
    0x2000dd40   0x00000400   Zero   RW          386    STACK               startup_stm32f10x_hd.o



  Load Region LR$$.ARM.__AT_0x68000000 (Base: 0x68000000, Size: 0x00000000, Max: 0x000f0000, ABSOLUTE)

    Execution Region ER$$.ARM.__AT_0x68000000 (Base: 0x68000000, Size: 0x000f0000, Max: 0x000f0000, ABSOLUTE, UNINIT)

    Base Addr    Size         Type   Attr      Idx    E Section Name        Object

    0x68000000   0x000f0000   Zero   RW         4366    .ARM.__AT_0x68000000  malloc.o



  Load Region LR$$.ARM.__AT_0x680F0000 (Base: 0x680f0000, Size: 0x00000000, Max: 0x0000f000, ABSOLUTE)

    Execution Region ER$$.ARM.__AT_0x680F0000 (Base: 0x680f0000, Size: 0x0000f000, Max: 0x0000f000, ABSOLUTE, UNINIT)

    Base Addr    Size         Type   Attr      Idx    E Section Name        Object

    0x680f0000   0x0000f000   Zero   RW         4367    .ARM.__AT_0x680F0000  malloc.o


==============================================================================

Image component sizes


      Code (inc. data)   RO Data    RW Data    ZI Data      Debug   Object Name

      1192         36          0          0          0      18000   api_lib.o
      3226         50          0          0          0      15704   api_msg.o
       180         18     175304          0          0       2435   cc936.o
         0          0          0          0          0         32   core_cm3.o
        62          0          0          0          0       2020   def.o
       244         26          0          4          0       2233   delay.o
       518         14          0          2          0       6268   diskio.o
      2260        410          0          0         18      12785   dm9000.o
      2436         66         12          1        200      23020   etharp.o
       226         18          0          0          0       5132   ethernetif.o
         0          0          0          0          0      18468   event_groups.o
       206         18          0         28         68       2256   exfuns.o
      1564        622          0          0          0      10908   fattester.o
     11710        158         58         10          0      48695   ff.o
       752        176          0         24      20480       3751   heap_4.o
       592          8          0          0          0       3670   icmp.o
         0          0          0          0          0       3828   inet.o
       370          0          0          0          0       3446   inet_chksum.o
        36          0          0          0          0      14917   init.o
       900         34          0         18          0       7197   ip.o
        78          0          8          0          0       6814   ip_addr.o
      1740         40          0          6          0      10000   ip_frag.o
       260         20          0          1          0       1138   key.o
      8396        184       6080          4         14      23492   lcd.o
        76          8          0          0          0        487   led.o
       148          0          0          0          0      11150   list.o
       924        334         18         20        256       7042   lwip_comm.o
      1090        318         25          8       1208     326372   main.o
       504         60         24         28    1066240       5829   malloc.o
       924         88          0         20          0       5001   mem.o
       192         26        216         60         56       4430   memp.o
       172         22          0          0          0       2001   misc.o
        32          0          0          0          0       1960   netbuf.o
       412         22          0          9          0       7182   netif.o
      1486         18          0          1          0      10596   pbuf.o
      1118        378          0         12          0      10013   port.o
      3358        466          0          0         64      19156   queue.o
       254         24          0          4          0       3685   raw.o
      7230        384          0         16        704      32402   sdio_sdcard.o
         2          0          0          0          0        447   sockets.o
       272         18          0          0          0       1725   spi.o
       200         18          0          0          0        693   sram.o
        64         26        304          0       1536        792   startup_stm32f10x_hd.o
       416          8          0          0          0       3366   stm32f10x_dma.o
       160         12          0          0          0       1461   stm32f10x_exti.o
       274         30          0          0          0       3310   stm32f10x_flash.o
       282          6          0          0          0       1773   stm32f10x_fsmc.o
       364          4          0          0          0       3653   stm32f10x_gpio.o
        20          0          0          0          0       2413   stm32f10x_it.o
       308         38          0         20          0       4926   stm32f10x_rcc.o
       304         72          0          0          0       7850   stm32f10x_sdio.o
       112          0          0          0          0       3734   stm32f10x_spi.o
       206         42          0          0          0       2268   stm32f10x_tim.o
       408          6          0          0          0       4874   stm32f10x_usart.o
       310         10          0          0       2048       3377   stmflash.o
         8          0          0          0          0        809   sys.o
       524          8          0          3          0      10997   sys_arch.o
       328         28          0         20          0       2017   system_stm32f10x.o
      3976        980          0         60       2460      39587   tasks.o
      3488        182        189         36          0      31604   tcp.o
      6120        318          0         32         20      17767   tcp_in.o
      3402          8          0          0          0      14563   tcp_out.o
       560        146         20         18       1000       5746   tcp_server_demo.o
       548         66          0         12          0       9330   tcpip.o
      1366        324          0         20        204       8475   timers.o
       600         68          0          8          0       5623   timers_1.o
       916        326          7         12          0       2582   tskinit.o
       348        126         28         12          0       2002   tskkey.o
       188         62         14         24          0       2247   tskled.o
       800         30          0          8          0       6755   udp.o
       334         28          0          6        200       4112   usart.o
      3154       1314         40         28          0       7310   usmart.o
         0          0       1191        540          0       1708   usmart_config.o
      1328         20          0          0          0       8133   usmart_str.o
       760         70          0          2       4096       6517   w25qxx.o

    ----------------------------------------------------------------------
     87416       8440     183584       1156    1100892     928061   Object Totals
         0          0         32          0          0          0   (incl. Generated)
        98          0         14         19         20          0   (incl. Padding)

    ----------------------------------------------------------------------

      Code (inc. data)   RO Data    RW Data    ZI Data      Debug   Library Member Name

        90          0          0          0          0          0   __dczerorl2.o
         8          0          0          0          0         68   __main.o
       392          4         17          0          0         92   __printf_flags_ss_wp.o
        14          0          0          0          0         68   __printf_wp.o
         0          0          0          0          0          0   __rtentry.o
        12          0          0          0          0          0   __rtentry2.o
         6          0          0          0          0          0   __rtentry4.o
        52          8          0          0          0          0   __scatter.o
        28          0          0          0          0          0   __scatter_zi.o
         6          0          0          0          0          0   _printf_c.o
        44          0          0          0          0        108   _printf_char.o
        48          6          0          0          0         96   _printf_char_common.o
        36          4          0          0          0         80   _printf_char_file.o
         6          0          0          0          0          0   _printf_d.o
       120         16          0          0          0         92   _printf_dec.o
        88          4         40          0          0         88   _printf_hex_int.o
       178          0          0          0          0         88   _printf_intcommon.o
        78          0          0          0          0        108   _printf_pad.o
         0          0          0          0          0          0   _printf_percent.o
         4          0          0          0          0          0   _printf_percent_end.o
         6          0          0          0          0          0   _printf_s.o
        82          0          0          0          0         80   _printf_str.o
         6          0          0          0          0          0   _printf_u.o
         6          0          0          0          0          0   _printf_x.o
        10          0          0          0          0         68   _sputc.o
        16          0          0          0          0         68   aeabi_memset.o
        12          0          0          0          0         72   exit.o
         8          0          0          0          0         68   ferror.o
         6          0          0          0          0        152   heapauxi.o
         2          0          0          0          0          0   libinit.o
         2          0          0          0          0          0   libinit2.o
         2          0          0          0          0          0   libshutdown.o
         2          0          0          0          0          0   libshutdown2.o
         8          4          0          0         96         68   libspace.o
        72          0          0          0          0         76   llsdiv.o
       238          0          0          0          0        100   lludivv7m.o
        88          0          0          0          0         76   memcmp.o
        24          4          0          0          0         84   noretval__2printf.o
        40          6          0          0          0         84   noretval__2sprintf.o
        68          0          0          0          0         68   rt_memclr.o
        78          0          0          0          0         80   rt_memclr_w.o
       138          0          0          0          0         68   rt_memcpy_v6.o
       100          0          0          0          0         80   rt_memcpy_w.o
         2          0          0          0          0          0   rtexit.o
        10          0          0          0          0          0   rtexit2.o
        62          0          0          0          0         76   strlen.o
        74          0          0          0          0         80   sys_stackheap_outer.o
         2          0          0          0          0         68   use_no_semi.o
         2          0          0          0          0         68   use_no_semi_2.o

    ----------------------------------------------------------------------
      2384         56         60          0         96       2472   Library Totals
         8          0          3          0          0          0   (incl. Padding)

    ----------------------------------------------------------------------

      Code (inc. data)   RO Data    RW Data    ZI Data      Debug   Library Name

      2376         56         57          0         96       2472   c_w.l

    ----------------------------------------------------------------------
      2384         56         60          0         96       2472   Library Totals

    ----------------------------------------------------------------------

==============================================================================


      Code (inc. data)   RO Data    RW Data    ZI Data      Debug   

     89800       8496     183644       1156    1100988     899277   Grand Totals
     89800       8496     183644        428    1100988     899277   ELF Image Totals (compressed)
     89800       8496     183644        428          0          0   ROM Totals

==============================================================================

    Total RO  Size (Code + RO Data)               273444 ( 267.04kB)
    Total RW  Size (RW Data + ZI Data)           1102144 (1076.31kB)
    Total ROM Size (Code + RO Data + RW Data)     273872 ( 267.45kB)

==============================================================================

